Component: ARM Compiler 5.06 update 5 (build 528) Tool: armlink [4d35e2]

==============================================================================

Section Cross References

    startup_stm32f407xx.o(STACK) refers (Special) to heapauxi.o(.text) for __use_two_region_memory
    startup_stm32f407xx.o(HEAP) refers (Special) to heapauxi.o(.text) for __use_two_region_memory
    startup_stm32f407xx.o(RESET) refers (Special) to heapauxi.o(.text) for __use_two_region_memory
    startup_stm32f407xx.o(RESET) refers to startup_stm32f407xx.o(STACK) for __initial_sp
    startup_stm32f407xx.o(RESET) refers to startup_stm32f407xx.o(.text) for Reset_Handler
    startup_stm32f407xx.o(RESET) refers to stm32f4xx_it.o(i.NMI_Handler) for NMI_Handler
    startup_stm32f407xx.o(RESET) refers to stm32f4xx_it.o(i.HardFault_Handler) for HardFault_Handler
    startup_stm32f407xx.o(RESET) refers to stm32f4xx_it.o(i.MemManage_Handler) for MemManage_Handler
    startup_stm32f407xx.o(RESET) refers to stm32f4xx_it.o(i.BusFault_Handler) for BusFault_Handler
    startup_stm32f407xx.o(RESET) refers to stm32f4xx_it.o(i.UsageFault_Handler) for UsageFault_Handler
    startup_stm32f407xx.o(RESET) refers to stm32f4xx_it.o(i.SVC_Handler) for SVC_Handler
    startup_stm32f407xx.o(RESET) refers to stm32f4xx_it.o(i.DebugMon_Handler) for DebugMon_Handler
    startup_stm32f407xx.o(RESET) refers to stm32f4xx_it.o(i.PendSV_Handler) for PendSV_Handler
    startup_stm32f407xx.o(RESET) refers to stm32f4xx_it.o(i.SysTick_Handler) for SysTick_Handler
    startup_stm32f407xx.o(RESET) refers to stm32f4xx_it.o(i.USART1_IRQHandler) for USART1_IRQHandler
    startup_stm32f407xx.o(.text) refers (Special) to heapauxi.o(.text) for __use_two_region_memory
    startup_stm32f407xx.o(.text) refers to system_stm32f4xx.o(i.SystemInit) for SystemInit
    startup_stm32f407xx.o(.text) refers to __main.o(!!!main) for __main
    startup_stm32f407xx.o(.text) refers to startup_stm32f407xx.o(HEAP) for Heap_Mem
    startup_stm32f407xx.o(.text) refers to startup_stm32f407xx.o(STACK) for Stack_Mem
    lcd.o(i.lcd_clear) refers to lcd.o(i.lcd_set_cursor) for lcd_set_cursor
    lcd.o(i.lcd_clear) refers to lcd.o(i.lcd_write_ram_prepare) for lcd_write_ram_prepare
    lcd.o(i.lcd_clear) refers to lcd.o(.bss) for .bss
    lcd.o(i.lcd_color_fill) refers to lcd.o(i.lcd_set_cursor) for lcd_set_cursor
    lcd.o(i.lcd_color_fill) refers to lcd.o(i.lcd_write_ram_prepare) for lcd_write_ram_prepare
    lcd.o(i.lcd_display_dir) refers to lcd.o(i.lcd_scan_dir) for lcd_scan_dir
    lcd.o(i.lcd_display_dir) refers to lcd.o(.bss) for .bss
    lcd.o(i.lcd_display_off) refers to lcd.o(i.lcd_wr_regno) for lcd_wr_regno
    lcd.o(i.lcd_display_off) refers to lcd.o(.bss) for .bss
    lcd.o(i.lcd_display_on) refers to lcd.o(i.lcd_wr_regno) for lcd_wr_regno
    lcd.o(i.lcd_display_on) refers to lcd.o(.bss) for .bss
    lcd.o(i.lcd_draw_circle) refers to lcd.o(i.lcd_draw_point) for lcd_draw_point
    lcd.o(i.lcd_draw_hline) refers to lcd.o(i.lcd_fill) for lcd_fill
    lcd.o(i.lcd_draw_hline) refers to lcd.o(.bss) for .bss
    lcd.o(i.lcd_draw_line) refers to lcd.o(i.lcd_draw_point) for lcd_draw_point
    lcd.o(i.lcd_draw_point) refers to lcd.o(i.lcd_set_cursor) for lcd_set_cursor
    lcd.o(i.lcd_draw_point) refers to lcd.o(i.lcd_write_ram_prepare) for lcd_write_ram_prepare
    lcd.o(i.lcd_draw_rectangle) refers to lcd.o(i.lcd_draw_line) for lcd_draw_line
    lcd.o(i.lcd_ex_ili9341_reginit) refers to lcd.o(i.lcd_wr_regno) for lcd_wr_regno
    lcd.o(i.lcd_ex_ili9341_reginit) refers to lcd.o(i.lcd_wr_data) for lcd_wr_data
    lcd.o(i.lcd_ex_ili9341_reginit) refers to stm32f4xx_hal.o(i.HAL_Delay) for HAL_Delay
    lcd.o(i.lcd_ex_ili9806_reginit) refers to lcd.o(i.lcd_wr_regno) for lcd_wr_regno
    lcd.o(i.lcd_ex_ili9806_reginit) refers to lcd.o(i.lcd_wr_data) for lcd_wr_data
    lcd.o(i.lcd_ex_ili9806_reginit) refers to stm32f4xx_hal.o(i.HAL_Delay) for HAL_Delay
    lcd.o(i.lcd_ex_nt35310_reginit) refers to lcd.o(i.lcd_wr_regno) for lcd_wr_regno
    lcd.o(i.lcd_ex_nt35310_reginit) refers to lcd.o(i.lcd_wr_data) for lcd_wr_data
    lcd.o(i.lcd_ex_nt35310_reginit) refers to stm32f4xx_hal.o(i.HAL_Delay) for HAL_Delay
    lcd.o(i.lcd_ex_nt35510_reginit) refers to lcd.o(i.lcd_write_reg) for lcd_write_reg
    lcd.o(i.lcd_ex_nt35510_reginit) refers to lcd.o(i.lcd_wr_regno) for lcd_wr_regno
    lcd.o(i.lcd_ex_nt35510_reginit) refers to stm32f4xx_hal.o(i.HAL_Delay) for HAL_Delay
    lcd.o(i.lcd_ex_ssd1963_reginit) refers to lcd.o(i.lcd_wr_regno) for lcd_wr_regno
    lcd.o(i.lcd_ex_ssd1963_reginit) refers to lcd.o(i.lcd_wr_data) for lcd_wr_data
    lcd.o(i.lcd_ex_ssd1963_reginit) refers to stm32f4xx_hal.o(i.HAL_Delay) for HAL_Delay
    lcd.o(i.lcd_ex_st7789_reginit) refers to lcd.o(i.lcd_wr_regno) for lcd_wr_regno
    lcd.o(i.lcd_ex_st7789_reginit) refers to stm32f4xx_hal.o(i.HAL_Delay) for HAL_Delay
[...]
    Removing stm32f4xx_hal_uart.o(i.HAL_UARTEx_ReceiveToIdle), (240 bytes).
    Removing stm32f4xx_hal_uart.o(i.HAL_UARTEx_ReceiveToIdle_DMA), (74 bytes).
    Removing stm32f4xx_hal_uart.o(i.HAL_UARTEx_ReceiveToIdle_IT), (78 bytes).
    Removing stm32f4xx_hal_uart.o(i.HAL_UART_Abort), (210 bytes).
    Removing stm32f4xx_hal_uart.o(i.HAL_UART_AbortCpltCallback), (2 bytes).
    Removing stm32f4xx_hal_uart.o(i.HAL_UART_AbortReceive), (148 bytes).
    Removing stm32f4xx_hal_uart.o(i.HAL_UART_AbortReceiveCpltCallback), (2 bytes).
    Removing stm32f4xx_hal_uart.o(i.HAL_UART_AbortReceive_IT), (152 bytes).
    Removing stm32f4xx_hal_uart.o(i.HAL_UART_AbortTransmit), (98 bytes).
    Removing stm32f4xx_hal_uart.o(i.HAL_UART_AbortTransmitCpltCallback), (2 bytes).
    Removing stm32f4xx_hal_uart.o(i.HAL_UART_AbortTransmit_IT), (104 bytes).
    Removing stm32f4xx_hal_uart.o(i.HAL_UART_Abort_IT), (244 bytes).
    Removing stm32f4xx_hal_uart.o(i.HAL_UART_DMAPause), (120 bytes).
    Removing stm32f4xx_hal_uart.o(i.HAL_UART_DMAResume), (114 bytes).
    Removing stm32f4xx_hal_uart.o(i.HAL_UART_DMAStop), (112 bytes).
    Removing stm32f4xx_hal_uart.o(i.HAL_UART_DeInit), (54 bytes).
    Removing stm32f4xx_hal_uart.o(i.HAL_UART_GetError), (4 bytes).
    Removing stm32f4xx_hal_uart.o(i.HAL_UART_GetState), (10 bytes).
    Removing stm32f4xx_hal_uart.o(i.HAL_UART_MspDeInit), (2 bytes).
    Removing stm32f4xx_hal_uart.o(i.HAL_UART_MspInit), (2 bytes).
    Removing stm32f4xx_hal_uart.o(i.HAL_UART_Receive), (176 bytes).
    Removing stm32f4xx_hal_uart.o(i.HAL_UART_Receive_DMA), (28 bytes).
    Removing stm32f4xx_hal_uart.o(i.HAL_UART_RxCpltCallback), (2 bytes).
    Removing stm32f4xx_hal_uart.o(i.HAL_UART_RxHalfCpltCallback), (2 bytes).
    Removing stm32f4xx_hal_uart.o(i.HAL_UART_Transmit_DMA), (132 bytes).
    Removing stm32f4xx_hal_uart.o(i.HAL_UART_Transmit_IT), (50 bytes).
    Removing stm32f4xx_hal_uart.o(i.HAL_UART_TxHalfCpltCallback), (2 bytes).
    Removing stm32f4xx_hal_uart.o(i.UART_DMAError), (74 bytes).
    Removing stm32f4xx_hal_uart.o(i.UART_DMAReceiveCplt), (134 bytes).
    Removing stm32f4xx_hal_uart.o(i.UART_DMARxAbortCallback), (44 bytes).
    Removing stm32f4xx_hal_uart.o(i.UART_DMARxHalfCplt), (30 bytes).
    Removing stm32f4xx_hal_uart.o(i.UART_DMARxOnlyAbortCallback), (22 bytes).
    Removing stm32f4xx_hal_uart.o(i.UART_DMATransmitCplt), (66 bytes).
    Removing stm32f4xx_hal_uart.o(i.UART_DMATxAbortCallback), (44 bytes).
    Removing stm32f4xx_hal_uart.o(i.UART_DMATxHalfCplt), (10 bytes).
    Removing stm32f4xx_hal_uart.o(i.UART_DMATxOnlyAbortCallback), (20 bytes).
    Removing stm32f4xx_hal_uart.o(i.UART_EndTxTransfer), (28 bytes).
    Removing stm32f4xx_hal_uart.o(i.UART_Start_Receive_DMA), (160 bytes).
    Removing system_stm32f4xx.o(.rev16_text), (4 bytes).
    Removing system_stm32f4xx.o(.revsh_text), (4 bytes).
    Removing system_stm32f4xx.o(.rrx_text), (6 bytes).
    Removing system_stm32f4xx.o(i.SystemCoreClockUpdate), (120 bytes).

318 unused section(s) (total 16840 bytes) removed from the image.

==============================================================================

Image Symbol Table

    Local Symbols

    Symbol Name                              Value     Ov Type        Size  Object(Section)

    ../Core/Src/fsmc.c                       0x00000000   Number         0  fsmc.o ABSOLUTE
    ../Core/Src/gpio.c                       0x00000000   Number         0  gpio.o ABSOLUTE
    ../Core/Src/main.c                       0x00000000   Number         0  main.o ABSOLUTE
    ../Core/Src/stm32f4xx_hal_msp.c          0x00000000   Number         0  stm32f4xx_hal_msp.o ABSOLUTE
    ../Core/Src/stm32f4xx_it.c               0x00000000   Number         0  stm32f4xx_it.o ABSOLUTE
    ../Core/Src/system_stm32f4xx.c           0x00000000   Number         0  system_stm32f4xx.o ABSOLUTE
    ../Drivers/STM32F4xx_HAL_Driver/Src/stm32f4xx_hal.c 0x00000000   Number         0  stm32f4xx_hal.o ABSOLUTE
    ../Drivers/STM32F4xx_HAL_Driver/Src/stm32f4xx_hal_cortex.c 0x00000000   Number         0  stm32f4xx_hal_cortex.o ABSOLUTE
    ../Drivers/STM32F4xx_HAL_Driver/Src/stm32f4xx_hal_dma.c 0x00000000   Number         0  stm32f4xx_hal_dma.o ABSOLUTE
    ../Drivers/STM32F4xx_HAL_Driver/Src/stm32f4xx_hal_dma_ex.c 0x00000000   Number         0  stm32f4xx_hal_dma_ex.o ABSOLUTE
    ../Drivers/STM32F4xx_HAL_Driver/Src/stm32f4xx_hal_exti.c 0x00000000   Number         0  stm32f4xx_hal_exti.o ABSOLUTE
    ../Drivers/STM32F4xx_HAL_Driver/Src/stm32f4xx_hal_flash.c 0x00000000   Number         0  stm32f4xx_hal_flash.o ABSOLUTE
    ../Drivers/STM32F4xx_HAL_Driver/Src/stm32f4xx_hal_flash_ex.c 0x00000000   Number         0  stm32f4xx_hal_flash_ex.o ABSOLUTE
    ../Drivers/STM32F4xx_HAL_Driver/Src/stm32f4xx_hal_flash_ramfunc.c 0x00000000   Number         0  stm32f4xx_hal_flash_ramfunc.o ABSOLUTE
    ../Drivers/STM32F4xx_HAL_Driver/Src/stm32f4xx_hal_gpio.c 0x00000000   Number         0  stm32f4xx_hal_gpio.o ABSOLUTE
    ../Drivers/STM32F4xx_HAL_Driver/Src/stm32f4xx_hal_nand.c 0x00000000   Number         0  stm32f4xx_hal_nand.o ABSOLUTE
    ../Drivers/STM32F4xx_HAL_Driver/Src/stm32f4xx_hal_nor.c 0x00000000   Number         0  stm32f4xx_hal_nor.o ABSOLUTE
    ../Drivers/STM32F4xx_HAL_Driver/Src/stm32f4xx_hal_pccard.c 0x00000000   Number         0  stm32f4xx_hal_pccard.o ABSOLUTE
    ../Drivers/STM32F4xx_HAL_Driver/Src/stm32f4xx_hal_pwr.c 0x00000000   Number         0  stm32f4xx_hal_pwr.o ABSOLUTE
    ../Drivers/STM32F4xx_HAL_Driver/Src/stm32f4xx_hal_pwr_ex.c 0x00000000   Number         0  stm32f4xx_hal_pwr_ex.o ABSOLUTE
    ../Drivers/STM32F4xx_HAL_Driver/Src/stm32f4xx_hal_rcc.c 0x00000000   Number         0  stm32f4xx_hal_rcc.o ABSOLUTE
    ../Drivers/STM32F4xx_HAL_Driver/Src/stm32f4xx_hal_rcc_ex.c 0x00000000   Number         0  stm32f4xx_hal_rcc_ex.o ABSOLUTE
    ../Drivers/STM32F4xx_HAL_Driver/Src/stm32f4xx_hal_sram.c 0x00000000   Number         0  stm32f4xx_hal_sram.o ABSOLUTE
    ../Drivers/STM32F4xx_HAL_Driver/Src/stm32f4xx_ll_fsmc.c 0x00000000   Number         0  stm32f4xx_ll_fsmc.o ABSOLUTE
    ../clib/angel/boardlib.s                 0x00000000   Number         0  boardinit3.o ABSOLUTE
    ../clib/angel/boardlib.s                 0x00000000   Number         0  boardinit2.o ABSOLUTE
    ../clib/angel/boardlib.s                 0x00000000   Number         0  boardinit1.o ABSOLUTE
    ../clib/angel/boardlib.s                 0x00000000   Number         0  boardshut.o ABSOLUTE
    ../clib/angel/handlers.s                 0x00000000   Number         0  __scatter_copy.o ABSOLUTE
    ../clib/angel/handlers.s                 0x00000000   Number         0  __scatter_zi.o ABSOLUTE
    ../clib/angel/kernel.s                   0x00000000   Number         0  __rtentry2.o ABSOLUTE
    ../clib/angel/kernel.s                   0x00000000   Number         0  rtexit.o ABSOLUTE
    ../clib/angel/kernel.s                   0x00000000   Number         0  __rtentry.o ABSOLUTE
    ../clib/angel/kernel.s                   0x00000000   Number         0  rtexit2.o ABSOLUTE
    ../clib/angel/kernel.s                   0x00000000   Number         0  __rtentry4.o ABSOLUTE
    ../clib/angel/rt.s                       0x00000000   Number         0  rt_div0.o ABSOLUTE
    ../clib/angel/rt.s                       0x00000000   Number         0  aeabi_ldiv0_sigfpe.o ABSOLUTE
    ../clib/angel/rt.s                       0x00000000   Number         0  aeabi_ldiv0.o ABSOLUTE
    ../clib/angel/rt.s                       0x00000000   Number         0  rt_raise.o ABSOLUTE
    ../clib/angel/scatter.s                  0x00000000   Number         0  __scatter.o ABSOLUTE
    ../clib/angel/startup.s                  0x00000000   Number         0  __main.o ABSOLUTE
    ../clib/angel/sys.s                      0x00000000   Number         0  sys_stackheap_outer.o ABSOLUTE
    ../clib/angel/sys.s                      0x00000000   Number         0  libspace.o ABSOLUTE
    ../clib/angel/sys.s                      0x00000000   Number         0  use_no_semi_2.o ABSOLUTE
    ../clib/angel/sys.s                      0x00000000   Number         0  use_no_semi.o ABSOLUTE
    ../clib/armsys.c                         0x00000000   Number         0  no_argv.o ABSOLUTE
    ../clib/armsys.c                         0x00000000   Number         0  _get_argv_nomalloc.o ABSOLUTE
    ../clib/armsys.c                         0x00000000   Number         0  argv_veneer.o ABSOLUTE
    ../clib/armsys.c                         0x00000000   Number         0  argv_veneer.o ABSOLUTE
    ../clib/heapalloc.c                      0x00000000   Number         0  hrguard.o ABSOLUTE
    ../clib/heapaux.c                        0x00000000   Number         0  heapauxi.o ABSOLUTE
    ../clib/libinit.s                        0x00000000   Number         0  libinit2.o ABSOLUTE
    ../clib/libinit.s                        0x00000000   Number         0  libshutdown2.o ABSOLUTE
    ../clib/libinit.s                        0x00000000   Number         0  libinit.o ABSOLUTE
    ../clib/libinit.s                        0x00000000   Number         0  libshutdown.o ABSOLUTE
    ../clib/longlong.s                       0x00000000   Number         0  lludivv7m.o ABSOLUTE
    ../clib/memcpset.s                       0x00000000   Number         0  rt_memclr_w.o ABSOLUTE
    ../clib/printf.c                         0x00000000   Number         0  __printf_nopercent.o ABSOLUTE
    ../clib/printf.c                         0x00000000   Number         0  _printf_char_common.o ABSOLUTE
    ../clib/printf.c                         0x00000000   Number         0  _printf_char_file.o ABSOLUTE
    ../clib/printf.c                         0x00000000   Number         0  noretval__2printf.o ABSOLUTE
    ../clib/printf.c                         0x00000000   Number         0  __2printf.o ABSOLUTE
    ../clib/signal.c                         0x00000000   Number         0  defsig_pvfn_inner.o ABSOLUTE
    ../clib/signal.c                         0x00000000   Number         0  __raise.o ABSOLUTE
    ../clib/signal.c                         0x00000000   Number         0  defsig_cppl_inner.o ABSOLUTE
    ../clib/signal.c                         0x00000000   Number         0  defsig_exit.o ABSOLUTE
    ../clib/signal.c                         0x00000000   Number         0  defsig_fpe_inner.o ABSOLUTE
    ../clib/signal.c                         0x00000000   Number         0  defsig_fpe_outer.o ABSOLUTE
    ../clib/signal.c                         0x00000000   Number         0  defsig_abrt_inner.o ABSOLUTE
    ../clib/signal.c                         0x00000000   Number         0  defsig_general.o ABSOLUTE
    ../clib/signal.c                         0x00000000   Number         0  defsig_fpe_formal.o ABSOLUTE
    ../clib/signal.c                         0x00000000   Number         0  defsig_rtred_inner.o ABSOLUTE
    ../clib/signal.c                         0x00000000   Number         0  defsig_rtmem_inner.o ABSOLUTE
    ../clib/signal.c                         0x00000000   Number         0  defsig_rtmem_outer.o ABSOLUTE
    ../clib/signal.c                         0x00000000   Number         0  defsig_segv_inner.o ABSOLUTE
    ../clib/signal.c                         0x00000000   Number         0  defsig_other.o ABSOLUTE
    ../clib/signal.c                         0x00000000   Number         0  defsig_rtmem_formal.o ABSOLUTE
    ../clib/signal.c                         0x00000000   Number         0  defsig_stak_inner.o ABSOLUTE
    ../clib/signal.s                         0x00000000   Number         0  defsig.o ABSOLUTE
    ../clib/stdio.c                          0x00000000   Number         0  ferror.o ABSOLUTE
    ../clib/stdio.c                          0x00000000   Number         0  ferror_locked.o ABSOLUTE
    ../clib/stdlib.c                         0x00000000   Number         0  exit.o ABSOLUTE
    ../fplib/dfixu.s                         0x00000000   Number         0  dfixu.o ABSOLUTE
    ../fplib/dflt.s                          0x00000000   Number         0  dflt_clz.o ABSOLUTE
    ../fplib/dmul.s                          0x00000000   Number         0  dmul.o ABSOLUTE
    ../fplib/dnaninf.s                       0x00000000   Number         0  dnaninf.o ABSOLUTE
    ../fplib/dretinf.s                       0x00000000   Number         0  dretinf.o ABSOLUTE
    ../fplib/fpinit.s                        0x00000000   Number         0  fpinit.o ABSOLUTE
    ../fplib/usenofp.s                       0x00000000   Number         0  usenofp.o ABSOLUTE
    ..\Core\Src\bsp\lcd\lcd.c                0x00000000   Number         0  lcd.o ABSOLUTE
    ..\Core\Src\bsp\led\bsp_led.c            0x00000000   Number         0  bsp_led.o ABSOLUTE
    ..\Core\Src\bsp\usart\bsp_usart.c        0x00000000   Number         0  bsp_usart.o ABSOLUTE
    ..\Core\Src\fsmc.c                       0x00000000   Number         0  fsmc.o ABSOLUTE
    ..\Core\Src\gpio.c                       0x00000000   Number         0  gpio.o ABSOLUTE
    ..\Core\Src\main.c                       0x00000000   Number         0  main.o ABSOLUTE
    ..\Core\Src\stm32f4xx_hal_msp.c          0x00000000   Number         0  stm32f4xx_hal_msp.o ABSOLUTE
    ..\Core\Src\stm32f4xx_it.c               0x00000000   Number         0  stm32f4xx_it.o ABSOLUTE
    ..\Core\Src\system_stm32f4xx.c           0x00000000   Number         0  system_stm32f4xx.o ABSOLUTE
    ..\Drivers\STM32F4xx_HAL_Driver\Src\stm32f4xx_hal.c 0x00000000   Number         0  stm32f4xx_hal.o ABSOLUTE
    ..\Drivers\STM32F4xx_HAL_Driver\Src\stm32f4xx_hal_cortex.c 0x00000000   Number         0  stm32f4xx_hal_cortex.o ABSOLUTE
    ..\Drivers\STM32F4xx_HAL_Driver\Src\stm32f4xx_hal_dma.c 0x00000000   Number         0  stm32f4xx_hal_dma.o ABSOLUTE
    ..\Drivers\STM32F4xx_HAL_Driver\Src\stm32f4xx_hal_dma_ex.c 0x00000000   Number         0  stm32f4xx_hal_dma_ex.o ABSOLUTE
    ..\Drivers\STM32F4xx_HAL_Driver\Src\stm32f4xx_hal_exti.c 0x00000000   Number         0  stm32f4xx_hal_exti.o ABSOLUTE
    ..\Drivers\STM32F4xx_HAL_Driver\Src\stm32f4xx_hal_flash.c 0x00000000   Number         0  stm32f4xx_hal_flash.o ABSOLUTE
    ..\Drivers\STM32F4xx_HAL_Driver\Src\stm32f4xx_hal_flash_ex.c 0x00000000   Number         0  stm32f4xx_hal_flash_ex.o ABSOLUTE
    ..\Drivers\STM32F4xx_HAL_Driver\Src\stm32f4xx_hal_flash_ramfunc.c 0x00000000   Number         0  stm32f4xx_hal_flash_ramfunc.o ABSOLUTE
    ..\Drivers\STM32F4xx_HAL_Driver\Src\stm32f4xx_hal_gpio.c 0x00000000   Number         0  stm32f4xx_hal_gpio.o ABSOLUTE
    ..\Drivers\STM32F4xx_HAL_Driver\Src\stm32f4xx_hal_nand.c 0x00000000   Number         0  stm32f4xx_hal_nand.o ABSOLUTE
    ..\Drivers\STM32F4xx_HAL_Driver\Src\stm32f4xx_hal_nor.c 0x00000000   Number         0  stm32f4xx_hal_nor.o ABSOLUTE
    ..\Drivers\STM32F4xx_HAL_Driver\Src\stm32f4xx_hal_pccard.c 0x00000000   Number         0  stm32f4xx_hal_pccard.o ABSOLUTE
    ..\Drivers\STM32F4xx_HAL_Driver\Src\stm32f4xx_hal_pwr.c 0x00000000   Number         0  stm32f4xx_hal_pwr.o ABSOLUTE
    ..\Drivers\STM32F4xx_HAL_Driver\Src\stm32f4xx_hal_pwr_ex.c 0x00000000   Number         0  stm32f4xx_hal_pwr_ex.o ABSOLUTE
    ..\Drivers\STM32F4xx_HAL_Driver\Src\stm32f4xx_hal_rcc.c 0x00000000   Number         0  stm32f4xx_hal_rcc.o ABSOLUTE
    ..\Drivers\STM32F4xx_HAL_Driver\Src\stm32f4xx_hal_rcc_ex.c 0x00000000   Number         0  stm32f4xx_hal_rcc_ex.o ABSOLUTE
    ..\Drivers\STM32F4xx_HAL_Driver\Src\stm32f4xx_hal_sram.c 0x00000000   Number         0  stm32f4xx_hal_sram.o ABSOLUTE
    ..\Drivers\STM32F4xx_HAL_Driver\Src\stm32f4xx_hal_uart.c 0x00000000   Number         0  stm32f4xx_hal_uart.o ABSOLUTE
    ..\Drivers\STM32F4xx_HAL_Driver\Src\stm32f4xx_ll_fsmc.c 0x00000000   Number         0  stm32f4xx_ll_fsmc.o ABSOLUTE
    ..\\Core\\Src\\bsp\\lcd\\lcd.c           0x00000000   Number         0  lcd.o ABSOLUTE
    ..\\Core\\Src\\bsp\\led\\bsp_led.c       0x00000000   Number         0  bsp_led.o ABSOLUTE
    ..\\Core\\Src\\bsp\\usart\\bsp_usart.c   0x00000000   Number         0  bsp_usart.o ABSOLUTE
    ..\\Drivers\\STM32F4xx_HAL_Driver\\Src\\stm32f4xx_hal_uart.c 0x00000000   Number         0  stm32f4xx_hal_uart.o ABSOLUTE
    dc.s                                     0x00000000   Number         0  dc.o ABSOLUTE
    startup_stm32f407xx.s                    0x00000000   Number         0  startup_stm32f407xx.o ABSOLUTE
    RESET                                    0x08000000   Section      392  startup_stm32f407xx.o(RESET)
    !!!main                                  0x08000188   Section        8  __main.o(!!!main)
    !!!scatter                               0x08000190   Section       52  __scatter.o(!!!scatter)
    !!handler_copy                           0x080001c4   Section       26  __scatter_copy.o(!!handler_copy)
    !!handler_zi                             0x080001e0   Section       28  __scatter_zi.o(!!handler_zi)
    .ARM.Collect$$libinit$$00000000          0x080001fc   Section        2  libinit.o(.ARM.Collect$$libinit$$00000000)
    .ARM.Collect$$libinit$$00000001          0x080001fe   Section        4  libinit2.o(.ARM.Collect$$libinit$$00000001)
    .ARM.Collect$$libinit$$00000004          0x08000202   Section        0  libinit2.o(.ARM.Collect$$libinit$$00000004)
    .ARM.Collect$$libinit$$0000000A          0x08000202   Section        0  libinit2.o(.ARM.Collect$$libinit$$0000000A)
    .ARM.Collect$$libinit$$0000000C          0x08000202   Section        0  libinit2.o(.ARM.Collect$$libinit$$0000000C)
    .ARM.Collect$$libinit$$0000000E          0x08000202   Section        0  libinit2.o(.ARM.Collect$$libinit$$0000000E)
    .ARM.Collect$$libinit$$00000011          0x08000202   Section        0  libinit2.o(.ARM.Collect$$libinit$$00000011)
    .ARM.Collect$$libinit$$00000013          0x08000202   Section        0  libinit2.o(.ARM.Collect$$libinit$$00000013)
    .ARM.Collect$$libinit$$00000015          0x08000202   Section        0  libinit2.o(.ARM.Collect$$libinit$$00000015)
    .ARM.Collect$$libinit$$00000017          0x08000202   Section        0  libinit2.o(.ARM.Collect$$libinit$$00000017)
    .ARM.Collect$$libinit$$00000019          0x08000202   Section        0  libinit2.o(.ARM.Collect$$libinit$$00000019)
    .ARM.Collect$$libinit$$0000001B          0x08000202   Section        0  libinit2.o(.ARM.Collect$$libinit$$0000001B)
    .ARM.Collect$$libinit$$0000001D          0x08000202   Section        0  libinit2.o(.ARM.Collect$$libinit$$0000001D)
    .ARM.Collect$$libinit$$0000001F          0x08000202   Section        0  libinit2.o(.ARM.Collect$$libinit$$0000001F)
    .ARM.Collect$$libinit$$00000021          0x08000202   Section        0  libinit2.o(.ARM.Collect$$libinit$$00000021)
    .ARM.Collect$$libinit$$00000023          0x08000202   Section        0  libinit2.o(.ARM.Collect$$libinit$$00000023)
    .ARM.Collect$$libinit$$00000025          0x08000202   Section        0  libinit2.o(.ARM.Collect$$libinit$$00000025)
    .ARM.Collect$$libinit$$0000002C          0x08000202   Section        0  libinit2.o(.ARM.Collect$$libinit$$0000002C)
    .ARM.Collect$$libinit$$0000002E          0x08000202   Section        0  libinit2.o(.ARM.Collect$$libinit$$0000002E)
    .ARM.Collect$$libinit$$00000030          0x08000202   Section        0  libinit2.o(.ARM.Collect$$libinit$$00000030)
    .ARM.Collect$$libinit$$00000032          0x08000202   Section        0  libinit2.o(.ARM.Collect$$libinit$$00000032)
    .ARM.Collect$$libinit$$00000033          0x08000202   Section        2  libinit2.o(.ARM.Collect$$libinit$$00000033)
    .ARM.Collect$$libshutdown$$00000000      0x08000204   Section        2  libshutdown.o(.ARM.Collect$$libshutdown$$00000000)
    .ARM.Collect$$libshutdown$$00000002      0x08000206   Section        0  libshutdown2.o(.ARM.Collect$$libshutdown$$00000002)
    .ARM.Collect$$libshutdown$$00000004      0x08000206   Section        0  libshutdown2.o(.ARM.Collect$$libshutdown$$00000004)
    .ARM.Collect$$libshutdown$$00000007      0x08000206   Section        0  libshutdown2.o(.ARM.Collect$$libshutdown$$00000007)
    .ARM.Collect$$libshutdown$$0000000A      0x08000206   Section        0  libshutdown2.o(.ARM.Collect$$libshutdown$$0000000A)
    .ARM.Collect$$libshutdown$$0000000C      0x08000206   Section        0  libshutdown2.o(.ARM.Collect$$libshutdown$$0000000C)
    .ARM.Collect$$libshutdown$$0000000F      0x08000206   Section        0  libshutdown2.o(.ARM.Collect$$libshutdown$$0000000F)
    .ARM.Collect$$libshutdown$$00000010      0x08000206   Section        2  libshutdown2.o(.ARM.Collect$$libshutdown$$00000010)
    .ARM.Collect$$rtentry$$00000000          0x08000208   Section        0  __rtentry.o(.ARM.Collect$$rtentry$$00000000)
    .ARM.Collect$$rtentry$$00000002          0x08000208   Section        0  __rtentry2.o(.ARM.Collect$$rtentry$$00000002)
    .ARM.Collect$$rtentry$$00000004          0x08000208   Section        6  __rtentry4.o(.ARM.Collect$$rtentry$$00000004)
    .ARM.Collect$$rtentry$$00000009          0x0800020e   Section        0  __rtentry2.o(.ARM.Collect$$rtentry$$00000009)
    .ARM.Collect$$rtentry$$0000000A          0x0800020e   Section        4  __rtentry2.o(.ARM.Collect$$rtentry$$0000000A)
    .ARM.Collect$$rtentry$$0000000C          0x08000212   Section        0  __rtentry2.o(.ARM.Collect$$rtentry$$0000000C)
    .ARM.Collect$$rtentry$$0000000D          0x08000212   Section        8  __rtentry2.o(.ARM.Collect$$rtentry$$0000000D)
    .ARM.Collect$$rtexit$$00000000           0x0800021a   Section        2  rtexit.o(.ARM.Collect$$rtexit$$00000000)
    .ARM.Collect$$rtexit$$00000002           0x0800021c   Section        0  rtexit2.o(.ARM.Collect$$rtexit$$00000002)
    .ARM.Collect$$rtexit$$00000003           0x0800021c   Section        4  rtexit2.o(.ARM.Collect$$rtexit$$00000003)
    .ARM.Collect$$rtexit$$00000004           0x08000220   Section        6  rtexit2.o(.ARM.Collect$$rtexit$$00000004)
    .text                                    0x08000228   Section       64  startup_stm32f407xx.o(.text)
    $v0                                      0x08000228   Number         0  startup_stm32f407xx.o(.text)
    .text                                    0x08000268   Section        2  use_no_semi_2.o(.text)
    .text                                    0x0800026a   Section      238  lludivv7m.o(.text)
    .text                                    0x08000358   Section        0  noretval__2printf.o(.text)
    .text                                    0x08000370   Section       78  rt_memclr_w.o(.text)
    .text                                    0x080003be   Section        0  heapauxi.o(.text)
    .text                                    0x080003c4   Section        2  use_no_semi.o(.text)
    .text                                    0x080003c8   Section        0  _printf_char_file.o(.text)
    .text                                    0x080003ec   Section        0  _printf_char_common.o(.text)
    _printf_input_char                       0x080003ed   Thumb Code    10  _printf_char_common.o(.text)
    .text                                    0x0800041c   Section        0  ferror.o(.text)
    .text                                    0x08000424   Section       74  sys_stackheap_outer.o(.text)
    .text                                    0x0800046e   Section        0  __printf_nopercent.o(.text)
    .text                                    0x08000496   Section        0  exit.o(.text)
    .text                                    0x080004a8   Section        8  libspace.o(.text)
    i.BusFault_Handler                       0x080004b0   Section        0  stm32f4xx_it.o(i.BusFault_Handler)
    i.DebugMon_Handler                       0x080004b2   Section        0  stm32f4xx_it.o(i.DebugMon_Handler)
    i.Error_Handler                          0x080004b4   Section        0  main.o(i.Error_Handler)
    i.FSMC_NORSRAM_Extended_Timing_Init      0x080004b8   Section        0  stm32f4xx_ll_fsmc.o(i.FSMC_NORSRAM_Extended_Timing_Init)
    i.FSMC_NORSRAM_Init                      0x080004f4   Section        0  stm32f4xx_ll_fsmc.o(i.FSMC_NORSRAM_Init)
    i.FSMC_NORSRAM_Timing_Init               0x0800055c   Section        0  stm32f4xx_ll_fsmc.o(i.FSMC_NORSRAM_Timing_Init)
    i.HAL_DMA_Abort                          0x08000598   Section        0  stm32f4xx_hal_dma.o(i.HAL_DMA_Abort)
    i.HAL_DMA_Abort_IT                       0x0800062a   Section        0  stm32f4xx_hal_dma.o(i.HAL_DMA_Abort_IT)
    i.HAL_Delay                              0x08000650   Section        0  stm32f4xx_hal.o(i.HAL_Delay)
    i.HAL_FSMC_MspInit                       0x08000674   Section        0  fsmc.o(i.HAL_FSMC_MspInit)
    HAL_FSMC_MspInit                         0x08000675   Thumb Code   144  fsmc.o(i.HAL_FSMC_MspInit)
    i.HAL_GPIO_Init                          0x0800071c   Section        0  stm32f4xx_hal_gpio.o(i.HAL_GPIO_Init)
    i.HAL_GPIO_TogglePin                     0x0800090c   Section        0  stm32f4xx_hal_gpio.o(i.HAL_GPIO_TogglePin)
    i.HAL_GPIO_WritePin                      0x0800091c   Section        0  stm32f4xx_hal_gpio.o(i.HAL_GPIO_WritePin)
    i.HAL_GetTick                            0x08000928   Section        0  stm32f4xx_hal.o(i.HAL_GetTick)
    i.HAL_IncTick                            0x08000934   Section        0  stm32f4xx_hal.o(i.HAL_IncTick)
    i.HAL_Init                               0x08000944   Section        0  stm32f4xx_hal.o(i.HAL_Init)
    i.HAL_InitTick                           0x08000978   Section        0  stm32f4xx_hal.o(i.HAL_InitTick)
    i.HAL_MspInit                            0x080009b8   Section        0  stm32f4xx_hal_msp.o(i.HAL_MspInit)
    i.HAL_NVIC_EnableIRQ                     0x080009e8   Section        0  stm32f4xx_hal_cortex.o(i.HAL_NVIC_EnableIRQ)
    i.HAL_NVIC_SetPriority                   0x08000a04   Section        0  stm32f4xx_hal_cortex.o(i.HAL_NVIC_SetPriority)
    i.HAL_NVIC_SetPriorityGrouping           0x08000a44   Section        0  stm32f4xx_hal_cortex.o(i.HAL_NVIC_SetPriorityGrouping)
    i.HAL_RCC_ClockConfig                    0x08000a68   Section        0  stm32f4xx_hal_rcc.o(i.HAL_RCC_ClockConfig)
    i.HAL_RCC_GetPCLK1Freq                   0x08000b9c   Section        0  stm32f4xx_hal_rcc.o(i.HAL_RCC_GetPCLK1Freq)
    i.HAL_RCC_GetPCLK2Freq                   0x08000bbc   Section        0  stm32f4xx_hal_rcc.o(i.HAL_RCC_GetPCLK2Freq)
    i.HAL_RCC_GetSysClockFreq                0x08000bdc   Section        0  stm32f4xx_hal_rcc.o(i.HAL_RCC_GetSysClockFreq)
    i.HAL_RCC_OscConfig                      0x08000c3c   Section        0  stm32f4xx_hal_rcc.o(i.HAL_RCC_OscConfig)
    i.HAL_SRAM_Init                          0x08000fa8   Section        0  stm32f4xx_hal_sram.o(i.HAL_SRAM_Init)
    i.HAL_SRAM_MspInit                       0x08001004   Section        0  fsmc.o(i.HAL_SRAM_MspInit)
    i.HAL_SYSTICK_Config                     0x08001008   Section        0  stm32f4xx_hal_cortex.o(i.HAL_SYSTICK_Config)
    i.HAL_UARTEx_RxEventCallback             0x08001030   Section        0  stm32f4xx_hal_uart.o(i.HAL_UARTEx_RxEventCallback)
    i.HAL_UART_ErrorCallback                 0x08001032   Section        0  stm32f4xx_hal_uart.o(i.HAL_UART_ErrorCallback)
    i.HAL_UART_IRQHandler                    0x08001034   Section        0  stm32f4xx_hal_uart.o(i.HAL_UART_IRQHandler)
    i.HAL_UART_Init                          0x080012b4   Section        0  stm32f4xx_hal_uart.o(i.HAL_UART_Init)
    i.HAL_UART_MspInit                       0x08001318   Section        0  bsp_usart.o(i.HAL_UART_MspInit)
    i.HAL_UART_Receive_IT                    0x08001390   Section        0  stm32f4xx_hal_uart.o(i.HAL_UART_Receive_IT)
    i.HAL_UART_RxCpltCallback                0x080013ac   Section        0  bsp_usart.o(i.HAL_UART_RxCpltCallback)
    i.HAL_UART_Transmit                      0x08001414   Section        0  stm32f4xx_hal_uart.o(i.HAL_UART_Transmit)
    i.HAL_UART_TxCpltCallback                0x080014b4   Section        0  stm32f4xx_hal_uart.o(i.HAL_UART_TxCpltCallback)
    i.HardFault_Handler                      0x080014b6   Section        0  stm32f4xx_it.o(i.HardFault_Handler)
    i.LED_GPIO_Init                          0x080014b8   Section        0  bsp_led.o(i.LED_GPIO_Init)
    i.MX_FSMC_Init                           0x0800153c   Section        0  fsmc.o(i.MX_FSMC_Init)
    i.MX_GPIO_Init                           0x080015c8   Section        0  gpio.o(i.MX_GPIO_Init)
    i.MemManage_Handler                      0x08001674   Section        0  stm32f4xx_it.o(i.MemManage_Handler)
    i.NMI_Handler                            0x08001676   Section        0  stm32f4xx_it.o(i.NMI_Handler)
    i.PendSV_Handler                         0x08001678   Section        0  stm32f4xx_it.o(i.PendSV_Handler)
    i.SVC_Handler                            0x0800167a   Section        0  stm32f4xx_it.o(i.SVC_Handler)
    i.SysTick_Handler                        0x0800167c   Section        0  stm32f4xx_it.o(i.SysTick_Handler)
    i.SystemClock_Config                     0x08001680   Section        0  main.o(i.SystemClock_Config)
    i.SystemInit                             0x08001714   Section        0  system_stm32f4xx.o(i.SystemInit)
    i.UART_DMAAbortOnError                   0x08001724   Section        0  stm32f4xx_hal_uart.o(i.UART_DMAAbortOnError)
    UART_DMAAbortOnError                     0x08001725   Thumb Code    14  stm32f4xx_hal_uart.o(i.UART_DMAAbortOnError)
    i.UART_EndRxTransfer                     0x08001732   Section        0  stm32f4xx_hal_uart.o(i.UART_EndRxTransfer)
    UART_EndRxTransfer                       0x08001733   Thumb Code    78  stm32f4xx_hal_uart.o(i.UART_EndRxTransfer)
    i.UART_Receive_IT                        0x08001780   Section        0  stm32f4xx_hal_uart.o(i.UART_Receive_IT)
    UART_Receive_IT                          0x08001781   Thumb Code   194  stm32f4xx_hal_uart.o(i.UART_Receive_IT)
    i.UART_SetConfig                         0x08001844   Section        0  stm32f4xx_hal_uart.o(i.UART_SetConfig)
    UART_SetConfig                           0x08001845   Thumb Code   258  stm32f4xx_hal_uart.o(i.UART_SetConfig)
    i.UART_Start_Receive_IT                  0x08001950   Section        0  stm32f4xx_hal_uart.o(i.UART_Start_Receive_IT)
    i.UART_WaitOnFlagUntilTimeout            0x08001986   Section        0  stm32f4xx_hal_uart.o(i.UART_WaitOnFlagUntilTimeout)
    UART_WaitOnFlagUntilTimeout              0x08001987   Thumb Code   114  stm32f4xx_hal_uart.o(i.UART_WaitOnFlagUntilTimeout)
    i.USART1_IRQHandler                      0x080019f8   Section        0  stm32f4xx_it.o(i.USART1_IRQHandler)
    i.USART1_Init                            0x08001a04   Section        0  bsp_usart.o(i.USART1_Init)
    i.UsageFault_Handler                     0x08001a48   Section        0  stm32f4xx_it.o(i.UsageFault_Handler)
    i.__NVIC_SetPriority                     0x08001a4a   Section        0  stm32f4xx_hal_cortex.o(i.__NVIC_SetPriority)
    __NVIC_SetPriority                       0x08001a4b   Thumb Code    32  stm32f4xx_hal_cortex.o(i.__NVIC_SetPriority)
    i._sys_exit                              0x08001a6a   Section        0  bsp_usart.o(i._sys_exit)
    i.fputc                                  0x08001a6c   Section        0  bsp_usart.o(i.fputc)
    i.lcd_clear                              0x08001a80   Section        0  lcd.o(i.lcd_clear)
    i.lcd_display_dir                        0x08001ab0   Section        0  lcd.o(i.lcd_display_dir)
    i.lcd_draw_point                         0x08001b9c   Section        0  lcd.o(i.lcd_draw_point)
    i.lcd_ex_ili9341_reginit                 0x08001bb2   Section        0  lcd.o(i.lcd_ex_ili9341_reginit)
    i.lcd_ex_ili9806_reginit                 0x08001de0   Section        0  lcd.o(i.lcd_ex_ili9806_reginit)
    i.lcd_ex_nt35310_reginit                 0x08002122   Section        0  lcd.o(i.lcd_ex_nt35310_reginit)
    i.lcd_ex_nt35510_reginit                 0x08003016   Section        0  lcd.o(i.lcd_ex_nt35510_reginit)
    i.lcd_ex_ssd1963_reginit                 0x08003f80   Section        0  lcd.o(i.lcd_ex_ssd1963_reginit)
    i.lcd_ex_st7789_reginit                  0x080040f0   Section        0  lcd.o(i.lcd_ex_st7789_reginit)
    i.lcd_ex_st7796_reginit                  0x0800429a   Section        0  lcd.o(i.lcd_ex_st7796_reginit)
    i.lcd_init                               0x08004464   Section        0  lcd.o(i.lcd_init)
    i.lcd_rd_data                            0x080046d0   Section        0  lcd.o(i.lcd_rd_data)
    lcd_rd_data                              0x080046d1   Thumb Code    26  lcd.o(i.lcd_rd_data)
    i.lcd_scan_dir                           0x080046ec   Section        0  lcd.o(i.lcd_scan_dir)
    i.lcd_set_cursor                         0x08004870   Section        0  lcd.o(i.lcd_set_cursor)
    i.lcd_show_char                          0x08004964   Section        0  lcd.o(i.lcd_show_char)
    i.lcd_show_string                        0x08004a40   Section        0  lcd.o(i.lcd_show_string)
    i.lcd_ssd_backlight_set                  0x08004a98   Section        0  lcd.o(i.lcd_ssd_backlight_set)
    i.lcd_wr_data                            0x08004ae8   Section        0  lcd.o(i.lcd_wr_data)
    i.lcd_wr_regno                           0x08004b00   Section        0  lcd.o(i.lcd_wr_regno)
    i.lcd_write_ram_prepare                  0x08004b18   Section        0  lcd.o(i.lcd_write_ram_prepare)
    i.lcd_write_reg                          0x08004b2c   Section        0  lcd.o(i.lcd_write_reg)
    i.main                                   0x08004b38   Section        0  main.o(i.main)
    x$fpl$dfixu                              0x08004c78   Section       90  dfixu.o(x$fpl$dfixu)
    $v0                                      0x08004c78   Number         0  dfixu.o(x$fpl$dfixu)
    x$fpl$dfltu                              0x08004cd2   Section       38  dflt_clz.o(x$fpl$dfltu)
    $v0                                      0x08004cd2   Number         0  dflt_clz.o(x$fpl$dfltu)
    x$fpl$dmul                               0x08004cf8   Section      340  dmul.o(x$fpl$dmul)
    $v0                                      0x08004cf8   Number         0  dmul.o(x$fpl$dmul)
    x$fpl$dnaninf                            0x08004e4c   Section      156  dnaninf.o(x$fpl$dnaninf)
    $v0                                      0x08004e4c   Number         0  dnaninf.o(x$fpl$dnaninf)
    x$fpl$dretinf                            0x08004ee8   Section       12  dretinf.o(x$fpl$dretinf)
    $v0                                      0x08004ee8   Number         0  dretinf.o(x$fpl$dretinf)
    x$fpl$fpinit                             0x08004ef4   Section       10  fpinit.o(x$fpl$fpinit)
    $v0                                      0x08004ef4   Number         0  fpinit.o(x$fpl$fpinit)
    .constdata                               0x08004efe   Section    12160  lcd.o(.constdata)
    x$fpl$usenofp                            0x08004efe   Section        0  usenofp.o(x$fpl$usenofp)
    .constdata                               0x08007e7e   Section       16  system_stm32f4xx.o(.constdata)
    .constdata                               0x08007e8e   Section        8  system_stm32f4xx.o(.constdata)
    .data                                    0x20000000   Section        4  lcd.o(.data)
    .data                                    0x20000004   Section        4  bsp_usart.o(.data)
    .data                                    0x20000008   Section        4  bsp_usart.o(.data)
    .data                                    0x2000000c   Section        8  fsmc.o(.data)
    FSMC_Initialized                         0x2000000c   Data           4  fsmc.o(.data)
    FSMC_DeInitialized                       0x20000010   Data           4  fsmc.o(.data)
    .data                                    0x20000014   Section       12  stm32f4xx_hal.o(.data)
    .data                                    0x20000020   Section        4  system_stm32f4xx.o(.data)
    .bss                                     0x20000024   Section       94  lcd.o(.bss)
    .bss                                     0x20000084   Section      272  bsp_usart.o(.bss)
    .bss                                     0x20000194   Section       80  fsmc.o(.bss)
    .bss                                     0x200001e4   Section       96  libspace.o(.bss)
    HEAP                                     0x20000248   Section      512  startup_stm32f407xx.o(HEAP)
    Heap_Mem                                 0x20000248   Data         512  startup_stm32f407xx.o(HEAP)
    STACK                                    0x20000448   Section     1024  startup_stm32f407xx.o(STACK)
    Stack_Mem                                0x20000448   Data        1024  startup_stm32f407xx.o(STACK)
    __initial_sp                             0x20000848   Data           0  startup_stm32f407xx.o(STACK)

    Global Symbols

    Symbol Name                              Value     Ov Type        Size  Object(Section)

    BuildAttributes$$THM_ISAv4$E$P$D$K$B$S$7EM$VFPi3$EXTD16$VFPS$VFMA$PE$A:L22UL41UL21$X:L11$S22US41US21$IEEE1$IW$USESV6$~STKCKD$USESV7$~SHL$OSPACE$ROPI$EBA8$UX$STANDARDLIB$REQ8$PRES8$EABIv2 0x00000000   Number         0  anon$$obj.o ABSOLUTE
    __ARM_use_no_argv                        0x00000000   Number         0  main.o ABSOLUTE
    __ARM_exceptions_init                     - Undefined Weak Reference
    __alloca_initialize                       - Undefined Weak Reference
    __arm_preinit_                            - Undefined Weak Reference
    __cpp_initialize__aeabi_                  - Undefined Weak Reference
    __cxa_finalize                            - Undefined Weak Reference
    __rt_locale                               - Undefined Weak Reference
    __sigvec_lookup                           - Undefined Weak Reference
    _atexit_init                              - Undefined Weak Reference
    _call_atexit_fns                          - Undefined Weak Reference
    _clock_init                               - Undefined Weak Reference
    _fp_trap_init                             - Undefined Weak Reference
    _fp_trap_shutdown                         - Undefined Weak Reference
    _get_lc_collate                           - Undefined Weak Reference
    _get_lc_ctype                             - Undefined Weak Reference
    _get_lc_monetary                          - Undefined Weak Reference
    _get_lc_numeric                           - Undefined Weak Reference
    _get_lc_time                              - Undefined Weak Reference
    _getenv_init                              - Undefined Weak Reference
    _handle_redirection                       - Undefined Weak Reference
    _init_alloc                               - Undefined Weak Reference
    _init_user_alloc                          - Undefined Weak Reference
    _initio                                   - Undefined Weak Reference
    _mutex_acquire                            - Undefined Weak Reference
    _mutex_release                            - Undefined Weak Reference
    _rand_init                                - Undefined Weak Reference
    _signal_finish                            - Undefined Weak Reference
    _signal_init                              - Undefined Weak Reference
    _terminate_alloc                          - Undefined Weak Reference
    _terminate_user_alloc                     - Undefined Weak Reference
    _terminateio                              - Undefined Weak Reference
    __Vectors_Size                           0x00000188   Number         0  startup_stm32f407xx.o ABSOLUTE
    __Vectors                                0x08000000   Data           4  startup_stm32f407xx.o(RESET)
    __Vectors_End                            0x08000188   Data           0  startup_stm32f407xx.o(RESET)
    __main                                   0x08000189   Thumb Code     8  __main.o(!!!main)
    __scatterload                            0x08000191   Thumb Code     0  __scatter.o(!!!scatter)
    __scatterload_rt2                        0x08000191   Thumb Code    44  __scatter.o(!!!scatter)
    __scatterload_rt2_thumb_only             0x08000191   Thumb Code     0  __scatter.o(!!!scatter)
    __scatterload_null                       0x0800019f   Thumb Code     0  __scatter.o(!!!scatter)
    __scatterload_copy                       0x080001c5   Thumb Code    26  __scatter_copy.o(!!handler_copy)
    __scatterload_zeroinit                   0x080001e1   Thumb Code    28  __scatter_zi.o(!!handler_zi)
    __rt_lib_init                            0x080001fd   Thumb Code     0  libinit.o(.ARM.Collect$$libinit$$00000000)
    __rt_lib_init_fp_1                       0x080001ff   Thumb Code     0  libinit2.o(.ARM.Collect$$libinit$$00000001)
    __rt_lib_init_alloca_1                   0x08000203   Thumb Code     0  libinit2.o(.ARM.Collect$$libinit$$0000002E)
    __rt_lib_init_argv_1                     0x08000203   Thumb Code     0  libinit2.o(.ARM.Collect$$libinit$$0000002C)
    __rt_lib_init_atexit_1                   0x08000203   Thumb Code     0  libinit2.o(.ARM.Collect$$libinit$$0000001B)
    __rt_lib_init_clock_1                    0x08000203   Thumb Code     0  libinit2.o(.ARM.Collect$$libinit$$00000021)
    __rt_lib_init_cpp_1                      0x08000203   Thumb Code     0  libinit2.o(.ARM.Collect$$libinit$$00000032)
    __rt_lib_init_exceptions_1               0x08000203   Thumb Code     0  libinit2.o(.ARM.Collect$$libinit$$00000030)
    __rt_lib_init_fp_trap_1                  0x08000203   Thumb Code     0  libinit2.o(.ARM.Collect$$libinit$$0000001F)
    __rt_lib_init_getenv_1                   0x08000203   Thumb Code     0  libinit2.o(.ARM.Collect$$libinit$$00000023)
    __rt_lib_init_heap_1                     0x08000203   Thumb Code     0  libinit2.o(.ARM.Collect$$libinit$$0000000A)
    __rt_lib_init_lc_collate_1               0x08000203   Thumb Code     0  libinit2.o(.ARM.Collect$$libinit$$00000011)
    __rt_lib_init_lc_ctype_1                 0x08000203   Thumb Code     0  libinit2.o(.ARM.Collect$$libinit$$00000013)
    __rt_lib_init_lc_monetary_1              0x08000203   Thumb Code     0  libinit2.o(.ARM.Collect$$libinit$$00000015)
    __rt_lib_init_lc_numeric_1               0x08000203   Thumb Code     0  libinit2.o(.ARM.Collect$$libinit$$00000017)
    __rt_lib_init_lc_time_1                  0x08000203   Thumb Code     0  libinit2.o(.ARM.Collect$$libinit$$00000019)
    __rt_lib_init_preinit_1                  0x08000203   Thumb Code     0  libinit2.o(.ARM.Collect$$libinit$$00000004)
    __rt_lib_init_rand_1                     0x08000203   Thumb Code     0  libinit2.o(.ARM.Collect$$libinit$$0000000E)
    __rt_lib_init_return                     0x08000203   Thumb Code     0  libinit2.o(.ARM.Collect$$libinit$$00000033)
    __rt_lib_init_signal_1                   0x08000203   Thumb Code     0  libinit2.o(.ARM.Collect$$libinit$$0000001D)
    __rt_lib_init_stdio_1                    0x08000203   Thumb Code     0  libinit2.o(.ARM.Collect$$libinit$$00000025)
    __rt_lib_init_user_alloc_1               0x08000203   Thumb Code     0  libinit2.o(.ARM.Collect$$libinit$$0000000C)
    __rt_lib_shutdown                        0x08000205   Thumb Code     0  libshutdown.o(.ARM.Collect$$libshutdown$$00000000)
    __rt_lib_shutdown_cpp_1                  0x08000207   Thumb Code     0  libshutdown2.o(.ARM.Collect$$libshutdown$$00000002)
    __rt_lib_shutdown_fp_trap_1              0x08000207   Thumb Code     0  libshutdown2.o(.ARM.Collect$$libshutdown$$00000007)
    __rt_lib_shutdown_heap_1                 0x08000207   Thumb Code     0  libshutdown2.o(.ARM.Collect$$libshutdown$$0000000F)
    __rt_lib_shutdown_return                 0x08000207   Thumb Code     0  libshutdown2.o(.ARM.Collect$$libshutdown$$00000010)
    __rt_lib_shutdown_signal_1               0x08000207   Thumb Code     0  libshutdown2.o(.ARM.Collect$$libshutdown$$0000000A)
    __rt_lib_shutdown_stdio_1                0x08000207   Thumb Code     0  libshutdown2.o(.ARM.Collect$$libshutdown$$00000004)
    __rt_lib_shutdown_user_alloc_1           0x08000207   Thumb Code     0  libshutdown2.o(.ARM.Collect$$libshutdown$$0000000C)
    __rt_entry                               0x08000209   Thumb Code     0  __rtentry.o(.ARM.Collect$$rtentry$$00000000)
    __rt_entry_presh_1                       0x08000209   Thumb Code     0  __rtentry2.o(.ARM.Collect$$rtentry$$00000002)
    __rt_entry_sh                            0x08000209   Thumb Code     0  __rtentry4.o(.ARM.Collect$$rtentry$$00000004)
    __rt_entry_li                            0x0800020f   Thumb Code     0  __rtentry2.o(.ARM.Collect$$rtentry$$0000000A)
    __rt_entry_postsh_1                      0x0800020f   Thumb Code     0  __rtentry2.o(.ARM.Collect$$rtentry$$00000009)
    __rt_entry_main                          0x08000213   Thumb Code     0  __rtentry2.o(.ARM.Collect$$rtentry$$0000000D)
    __rt_entry_postli_1                      0x08000213   Thumb Code     0  __rtentry2.o(.ARM.Collect$$rtentry$$0000000C)
    __rt_exit                                0x0800021b   Thumb Code     0  rtexit.o(.ARM.Collect$$rtexit$$00000000)
    __rt_exit_ls                             0x0800021d   Thumb Code     0  rtexit2.o(.ARM.Collect$$rtexit$$00000003)
    __rt_exit_prels_1                        0x0800021d   Thumb Code     0  rtexit2.o(.ARM.Collect$$rtexit$$00000002)
    __rt_exit_exit                           0x08000221   Thumb Code     0  rtexit2.o(.ARM.Collect$$rtexit$$00000004)
    Reset_Handler                            0x08000229   Thumb Code     8  startup_stm32f407xx.o(.text)
    ADC_IRQHandler                           0x08000243   Thumb Code     0  startup_stm32f407xx.o(.text)
    CAN1_RX0_IRQHandler                      0x08000243   Thumb Code     0  startup_stm32f407xx.o(.text)
    CAN1_RX1_IRQHandler                      0x08000243   Thumb Code     0  startup_stm32f407xx.o(.text)
    CAN1_SCE_IRQHandler                      0x08000243   Thumb Code     0  startup_stm32f407xx.o(.text)
    CAN1_TX_IRQHandler                       0x08000243   Thumb Code     0  startup_stm32f407xx.o(.text)
    CAN2_RX0_IRQHandler                      0x08000243   Thumb Code     0  startup_stm32f407xx.o(.text)
    CAN2_RX1_IRQHandler                      0x08000243   Thumb Code     0  startup_stm32f407xx.o(.text)
    CAN2_SCE_IRQHandler                      0x08000243   Thumb Code     0  startup_stm32f407xx.o(.text)
    CAN2_TX_IRQHandler                       0x08000243   Thumb Code     0  startup_stm32f407xx.o(.text)
    DCMI_IRQHandler                          0x08000243   Thumb Code     0  startup_stm32f407xx.o(.text)
    DMA1_Stream0_IRQHandler                  0x08000243   Thumb Code     0  startup_stm32f407xx.o(.text)
    DMA1_Stream1_IRQHandler                  0x08000243   Thumb Code     0  startup_stm32f407xx.o(.text)
    DMA1_Stream2_IRQHandler                  0x08000243   Thumb Code     0  startup_stm32f407xx.o(.text)
    DMA1_Stream3_IRQHandler                  0x08000243   Thumb Code     0  startup_stm32f407xx.o(.text)
    DMA1_Stream4_IRQHandler                  0x08000243   Thumb Code     0  startup_stm32f407xx.o(.text)
    DMA1_Stream5_IRQHandler                  0x08000243   Thumb Code     0  startup_stm32f407xx.o(.text)
    DMA1_Stream6_IRQHandler                  0x08000243   Thumb Code     0  startup_stm32f407xx.o(.text)
    DMA1_Stream7_IRQHandler                  0x08000243   Thumb Code     0  startup_stm32f407xx.o(.text)
    DMA2_Stream0_IRQHandler                  0x08000243   Thumb Code     0  startup_stm32f407xx.o(.text)
    DMA2_Stream1_IRQHandler                  0x08000243   Thumb Code     0  startup_stm32f407xx.o(.text)
    DMA2_Stream2_IRQHandler                  0x08000243   Thumb Code     0  startup_stm32f407xx.o(.text)
    DMA2_Stream3_IRQHandler                  0x08000243   Thumb Code     0  startup_stm32f407xx.o(.text)
    DMA2_Stream4_IRQHandler                  0x08000243   Thumb Code     0  startup_stm32f407xx.o(.text)
    DMA2_Stream5_IRQHandler                  0x08000243   Thumb Code     0  startup_stm32f407xx.o(.text)
    DMA2_Stream6_IRQHandler                  0x08000243   Thumb Code     0  startup_stm32f407xx.o(.text)
    DMA2_Stream7_IRQHandler                  0x08000243   Thumb Code     0  startup_stm32f407xx.o(.text)
    ETH_IRQHandler                           0x08000243   Thumb Code     0  startup_stm32f407xx.o(.text)
    ETH_WKUP_IRQHandler                      0x08000243   Thumb Code     0  startup_stm32f407xx.o(.text)
    EXTI0_IRQHandler                         0x08000243   Thumb Code     0  startup_stm32f407xx.o(.text)
    EXTI15_10_IRQHandler                     0x08000243   Thumb Code     0  startup_stm32f407xx.o(.text)
    EXTI1_IRQHandler                         0x08000243   Thumb Code     0  startup_stm32f407xx.o(.text)
    EXTI2_IRQHandler                         0x08000243   Thumb Code     0  startup_stm32f407xx.o(.text)
    EXTI3_IRQHandler                         0x08000243   Thumb Code     0  startup_stm32f407xx.o(.text)
    EXTI4_IRQHandler                         0x08000243   Thumb Code     0  startup_stm32f407xx.o(.text)
    EXTI9_5_IRQHandler                       0x08000243   Thumb Code     0  startup_stm32f407xx.o(.text)
    FLASH_IRQHandler                         0x08000243   Thumb Code     0  startup_stm32f407xx.o(.text)
    FMC_IRQHandler                           0x08000243   Thumb Code     0  startup_stm32f407xx.o(.text)
    FPU_IRQHandler                           0x08000243   Thumb Code     0  startup_stm32f407xx.o(.text)
    HASH_RNG_IRQHandler                      0x08000243   Thumb Code     0  startup_stm32f407xx.o(.text)
    I2C1_ER_IRQHandler                       0x08000243   Thumb Code     0  startup_stm32f407xx.o(.text)
    I2C1_EV_IRQHandler                       0x08000243   Thumb Code     0  startup_stm32f407xx.o(.text)
    I2C2_ER_IRQHandler                       0x08000243   Thumb Code     0  startup_stm32f407xx.o(.text)
    I2C2_EV_IRQHandler                       0x08000243   Thumb Code     0  startup_stm32f407xx.o(.text)
    I2C3_ER_IRQHandler                       0x08000243   Thumb Code     0  startup_stm32f407xx.o(.text)
    I2C3_EV_IRQHandler                       0x08000243   Thumb Code     0  startup_stm32f407xx.o(.text)
    OTG_FS_IRQHandler                        0x08000243   Thumb Code     0  startup_stm32f407xx.o(.text)
    OTG_FS_WKUP_IRQHandler                   0x08000243   Thumb Code     0  startup_stm32f407xx.o(.text)
    OTG_HS_EP1_IN_IRQHandler                 0x08000243   Thumb Code     0  startup_stm32f407xx.o(.text)
    OTG_HS_EP1_OUT_IRQHandler                0x08000243   Thumb Code     0  startup_stm32f407xx.o(.text)
    OTG_HS_IRQHandler                        0x08000243   Thumb Code     0  startup_stm32f407xx.o(.text)
    OTG_HS_WKUP_IRQHandler                   0x08000243   Thumb Code     0  startup_stm32f407xx.o(.text)
    PVD_IRQHandler                           0x08000243   Thumb Code     0  startup_stm32f407xx.o(.text)
    RCC_IRQHandler                           0x08000243   Thumb Code     0  startup_stm32f407xx.o(.text)
    RTC_Alarm_IRQHandler                     0x08000243   Thumb Code     0  startup_stm32f407xx.o(.text)
    RTC_WKUP_IRQHandler                      0x08000243   Thumb Code     0  startup_stm32f407xx.o(.text)
    SDIO_IRQHandler                          0x08000243   Thumb Code     0  startup_stm32f407xx.o(.text)
    SPI1_IRQHandler                          0x08000243   Thumb Code     0  startup_stm32f407xx.o(.text)
    SPI2_IRQHandler                          0x08000243   Thumb Code     0  startup_stm32f407xx.o(.text)
    SPI3_IRQHandler                          0x08000243   Thumb Code     0  startup_stm32f407xx.o(.text)
    TAMP_STAMP_IRQHandler                    0x08000243   Thumb Code     0  startup_stm32f407xx.o(.text)
    TIM1_BRK_TIM9_IRQHandler                 0x08000243   Thumb Code     0  startup_stm32f407xx.o(.text)
    TIM1_CC_IRQHandler                       0x08000243   Thumb Code     0  startup_stm32f407xx.o(.text)
    TIM1_TRG_COM_TIM11_IRQHandler            0x08000243   Thumb Code     0  startup_stm32f407xx.o(.text)
    TIM1_UP_TIM10_IRQHandler                 0x08000243   Thumb Code     0  startup_stm32f407xx.o(.text)
    TIM2_IRQHandler                          0x08000243   Thumb Code     0  startup_stm32f407xx.o(.text)
    TIM3_IRQHandler                          0x08000243   Thumb Code     0  startup_stm32f407xx.o(.text)
    TIM4_IRQHandler                          0x08000243   Thumb Code     0  startup_stm32f407xx.o(.text)
    TIM5_IRQHandler                          0x08000243   Thumb Code     0  startup_stm32f407xx.o(.text)
    TIM6_DAC_IRQHandler                      0x08000243   Thumb Code     0  startup_stm32f407xx.o(.text)
    TIM7_IRQHandler                          0x08000243   Thumb Code     0  startup_stm32f407xx.o(.text)
    TIM8_BRK_TIM12_IRQHandler                0x08000243   Thumb Code     0  startup_stm32f407xx.o(.text)
    TIM8_CC_IRQHandler                       0x08000243   Thumb Code     0  startup_stm32f407xx.o(.text)
    TIM8_TRG_COM_TIM14_IRQHandler            0x08000243   Thumb Code     0  startup_stm32f407xx.o(.text)
    TIM8_UP_TIM13_IRQHandler                 0x08000243   Thumb Code     0  startup_stm32f407xx.o(.text)
    UART4_IRQHandler                         0x08000243   Thumb Code     0  startup_stm32f407xx.o(.text)
    UART5_IRQHandler                         0x08000243   Thumb Code     0  startup_stm32f407xx.o(.text)
    USART2_IRQHandler                        0x08000243   Thumb Code     0  startup_stm32f407xx.o(.text)
    USART3_IRQHandler                        0x08000243   Thumb Code     0  startup_stm32f407xx.o(.text)
    USART6_IRQHandler                        0x08000243   Thumb Code     0  startup_stm32f407xx.o(.text)
    WWDG_IRQHandler                          0x08000243   Thumb Code     0  startup_stm32f407xx.o(.text)
    __user_initial_stackheap                 0x08000245   Thumb Code     0  startup_stm32f407xx.o(.text)
    __use_no_semihosting                     0x08000269   Thumb Code     2  use_no_semi_2.o(.text)
    __aeabi_uldivmod                         0x0800026b   Thumb Code     0  lludivv7m.o(.text)
    _ll_udiv                                 0x0800026b   Thumb Code   238  lludivv7m.o(.text)
    __2printf                                0x08000359   Thumb Code    20  noretval__2printf.o(.text)
    __aeabi_memclr4                          0x08000371   Thumb Code     0  rt_memclr_w.o(.text)
    __aeabi_memclr8                          0x08000371   Thumb Code     0  rt_memclr_w.o(.text)
    __rt_memclr_w                            0x08000371   Thumb Code    78  rt_memclr_w.o(.text)
    _memset_w                                0x08000375   Thumb Code     0  rt_memclr_w.o(.text)
    __use_two_region_memory                  0x080003bf   Thumb Code     2  heapauxi.o(.text)
    __rt_heap_escrow$2region                 0x080003c1   Thumb Code     2  heapauxi.o(.text)
    __rt_heap_expand$2region                 0x080003c3   Thumb Code     2  heapauxi.o(.text)
    __semihosting$guard                      0x080003c5   Thumb Code     0  use_no_semi.o(.text)
    __use_no_semihosting_swi                 0x080003c5   Thumb Code     2  use_no_semi.o(.text)
    _printf_char_file                        0x080003c9   Thumb Code    32  _printf_char_file.o(.text)
    _printf_char_common                      0x080003f7   Thumb Code    32  _printf_char_common.o(.text)
    ferror                                   0x0800041d   Thumb Code     8  ferror.o(.text)
    __user_setup_stackheap                   0x08000425   Thumb Code    74  sys_stackheap_outer.o(.text)
    __printf                                 0x0800046f   Thumb Code    40  __printf_nopercent.o(.text)
    exit                                     0x08000497   Thumb Code    18  exit.o(.text)
    __user_libspace                          0x080004a9   Thumb Code     8  libspace.o(.text)
    __user_perproc_libspace                  0x080004a9   Thumb Code     0  libspace.o(.text)
    __user_perthread_libspace                0x080004a9   Thumb Code     0  libspace.o(.text)
    BusFault_Handler                         0x080004b1   Thumb Code     2  stm32f4xx_it.o(i.BusFault_Handler)
    DebugMon_Handler                         0x080004b3   Thumb Code     2  stm32f4xx_it.o(i.DebugMon_Handler)
    Error_Handler                            0x080004b5   Thumb Code     4  main.o(i.Error_Handler)
    FSMC_NORSRAM_Extended_Timing_Init        0x080004b9   Thumb Code    56  stm32f4xx_ll_fsmc.o(i.FSMC_NORSRAM_Extended_Timing_Init)
    FSMC_NORSRAM_Init                        0x080004f5   Thumb Code    98  stm32f4xx_ll_fsmc.o(i.FSMC_NORSRAM_Init)
    FSMC_NORSRAM_Timing_Init                 0x0800055d   Thumb Code    56  stm32f4xx_ll_fsmc.o(i.FSMC_NORSRAM_Timing_Init)
    HAL_DMA_Abort                            0x08000599   Thumb Code   146  stm32f4xx_hal_dma.o(i.HAL_DMA_Abort)
    HAL_DMA_Abort_IT                         0x0800062b   Thumb Code    36  stm32f4xx_hal_dma.o(i.HAL_DMA_Abort_IT)
    HAL_Delay                                0x08000651   Thumb Code    32  stm32f4xx_hal.o(i.HAL_Delay)
    HAL_GPIO_Init                            0x0800071d   Thumb Code   450  stm32f4xx_hal_gpio.o(i.HAL_GPIO_Init)
    HAL_GPIO_TogglePin                       0x0800090d   Thumb Code    16  stm32f4xx_hal_gpio.o(i.HAL_GPIO_TogglePin)
    HAL_GPIO_WritePin                        0x0800091d   Thumb Code    10  stm32f4xx_hal_gpio.o(i.HAL_GPIO_WritePin)
    HAL_GetTick                              0x08000929   Thumb Code     6  stm32f4xx_hal.o(i.HAL_GetTick)
    HAL_IncTick                              0x08000935   Thumb Code    12  stm32f4xx_hal.o(i.HAL_IncTick)
    HAL_Init                                 0x08000945   Thumb Code    48  stm32f4xx_hal.o(i.HAL_Init)
    HAL_InitTick                             0x08000979   Thumb Code    54  stm32f4xx_hal.o(i.HAL_InitTick)
    HAL_MspInit                              0x080009b9   Thumb Code    42  stm32f4xx_hal_msp.o(i.HAL_MspInit)
    HAL_NVIC_EnableIRQ                       0x080009e9   Thumb Code    26  stm32f4xx_hal_cortex.o(i.HAL_NVIC_EnableIRQ)
    HAL_NVIC_SetPriority                     0x08000a05   Thumb Code    60  stm32f4xx_hal_cortex.o(i.HAL_NVIC_SetPriority)
    HAL_NVIC_SetPriorityGrouping             0x08000a45   Thumb Code    26  stm32f4xx_hal_cortex.o(i.HAL_NVIC_SetPriorityGrouping)
    HAL_RCC_ClockConfig                      0x08000a69   Thumb Code   288  stm32f4xx_hal_rcc.o(i.HAL_RCC_ClockConfig)
    HAL_RCC_GetPCLK1Freq                     0x08000b9d   Thumb Code    20  stm32f4xx_hal_rcc.o(i.HAL_RCC_GetPCLK1Freq)
    HAL_RCC_GetPCLK2Freq                     0x08000bbd   Thumb Code    20  stm32f4xx_hal_rcc.o(i.HAL_RCC_GetPCLK2Freq)
    HAL_RCC_GetSysClockFreq                  0x08000bdd   Thumb Code    88  stm32f4xx_hal_rcc.o(i.HAL_RCC_GetSysClockFreq)
    HAL_RCC_OscConfig                        0x08000c3d   Thumb Code   856  stm32f4xx_hal_rcc.o(i.HAL_RCC_OscConfig)
    HAL_SRAM_Init                            0x08000fa9   Thumb Code    92  stm32f4xx_hal_sram.o(i.HAL_SRAM_Init)
    HAL_SRAM_MspInit                         0x08001005   Thumb Code     4  fsmc.o(i.HAL_SRAM_MspInit)
    HAL_SYSTICK_Config                       0x08001009   Thumb Code    40  stm32f4xx_hal_cortex.o(i.HAL_SYSTICK_Config)
    HAL_UARTEx_RxEventCallback               0x08001031   Thumb Code     2  stm32f4xx_hal_uart.o(i.HAL_UARTEx_RxEventCallback)
    HAL_UART_ErrorCallback                   0x08001033   Thumb Code     2  stm32f4xx_hal_uart.o(i.HAL_UART_ErrorCallback)
    HAL_UART_IRQHandler                      0x08001035   Thumb Code   636  stm32f4xx_hal_uart.o(i.HAL_UART_IRQHandler)
    HAL_UART_Init                            0x080012b5   Thumb Code   100  stm32f4xx_hal_uart.o(i.HAL_UART_Init)
    HAL_UART_MspInit                         0x08001319   Thumb Code   108  bsp_usart.o(i.HAL_UART_MspInit)
    HAL_UART_Receive_IT                      0x08001391   Thumb Code    28  stm32f4xx_hal_uart.o(i.HAL_UART_Receive_IT)
    HAL_UART_RxCpltCallback                  0x080013ad   Thumb Code    90  bsp_usart.o(i.HAL_UART_RxCpltCallback)
    HAL_UART_Transmit                        0x08001415   Thumb Code   160  stm32f4xx_hal_uart.o(i.HAL_UART_Transmit)
    HAL_UART_TxCpltCallback                  0x080014b5   Thumb Code     2  stm32f4xx_hal_uart.o(i.HAL_UART_TxCpltCallback)
    HardFault_Handler                        0x080014b7   Thumb Code     2  stm32f4xx_it.o(i.HardFault_Handler)
    LED_GPIO_Init                            0x080014b9   Thumb Code   122  bsp_led.o(i.LED_GPIO_Init)
    MX_FSMC_Init                             0x0800153d   Thumb Code   132  fsmc.o(i.MX_FSMC_Init)
    MX_GPIO_Init                             0x080015c9   Thumb Code   164  gpio.o(i.MX_GPIO_Init)
    MemManage_Handler                        0x08001675   Thumb Code     2  stm32f4xx_it.o(i.MemManage_Handler)
    NMI_Handler                              0x08001677   Thumb Code     2  stm32f4xx_it.o(i.NMI_Handler)
    PendSV_Handler                           0x08001679   Thumb Code     2  stm32f4xx_it.o(i.PendSV_Handler)
    SVC_Handler                              0x0800167b   Thumb Code     2  stm32f4xx_it.o(i.SVC_Handler)
    SysTick_Handler                          0x0800167d   Thumb Code     4  stm32f4xx_it.o(i.SysTick_Handler)
    SystemClock_Config                       0x08001681   Thumb Code   140  main.o(i.SystemClock_Config)
    SystemInit                               0x08001715   Thumb Code    12  system_stm32f4xx.o(i.SystemInit)
    UART_Start_Receive_IT                    0x08001951   Thumb Code    54  stm32f4xx_hal_uart.o(i.UART_Start_Receive_IT)
    USART1_IRQHandler                        0x080019f9   Thumb Code     6  stm32f4xx_it.o(i.USART1_IRQHandler)
    USART1_Init                              0x08001a05   Thumb Code    54  bsp_usart.o(i.USART1_Init)
    UsageFault_Handler                       0x08001a49   Thumb Code     2  stm32f4xx_it.o(i.UsageFault_Handler)
    _sys_exit                                0x08001a6b   Thumb Code     2  bsp_usart.o(i._sys_exit)
    fputc                                    0x08001a6d   Thumb Code    14  bsp_usart.o(i.fputc)
    lcd_clear                                0x08001a81   Thumb Code    44  lcd.o(i.lcd_clear)
    lcd_display_dir                          0x08001ab1   Thumb Code   230  lcd.o(i.lcd_display_dir)
    lcd_draw_point                           0x08001b9d   Thumb Code    22  lcd.o(i.lcd_draw_point)
    lcd_ex_ili9341_reginit                   0x08001bb3   Thumb Code   558  lcd.o(i.lcd_ex_ili9341_reginit)
    lcd_ex_ili9806_reginit                   0x08001de1   Thumb Code   834  lcd.o(i.lcd_ex_ili9806_reginit)
    lcd_ex_nt35310_reginit                   0x08002123   Thumb Code  3828  lcd.o(i.lcd_ex_nt35310_reginit)
    lcd_ex_nt35510_reginit                   0x08003017   Thumb Code  3946  lcd.o(i.lcd_ex_nt35510_reginit)
    lcd_ex_ssd1963_reginit                   0x08003f81   Thumb Code   368  lcd.o(i.lcd_ex_ssd1963_reginit)
    lcd_ex_st7789_reginit                    0x080040f1   Thumb Code   426  lcd.o(i.lcd_ex_st7789_reginit)
    lcd_ex_st7796_reginit                    0x0800429b   Thumb Code   456  lcd.o(i.lcd_ex_st7796_reginit)
    lcd_init                                 0x08004465   Thumb Code   610  lcd.o(i.lcd_init)
    lcd_scan_dir                             0x080046ed   Thumb Code   384  lcd.o(i.lcd_scan_dir)
    lcd_set_cursor                           0x08004871   Thumb Code   238  lcd.o(i.lcd_set_cursor)
    lcd_show_char                            0x08004965   Thumb Code   196  lcd.o(i.lcd_show_char)
    lcd_show_string                          0x08004a41   Thumb Code    86  lcd.o(i.lcd_show_string)
    lcd_ssd_backlight_set                    0x08004a99   Thumb Code    72  lcd.o(i.lcd_ssd_backlight_set)
    lcd_wr_data                              0x08004ae9   Thumb Code    24  lcd.o(i.lcd_wr_data)
    lcd_wr_regno                             0x08004b01   Thumb Code    24  lcd.o(i.lcd_wr_regno)
    lcd_write_ram_prepare                    0x08004b19   Thumb Code    14  lcd.o(i.lcd_write_ram_prepare)
    lcd_write_reg                            0x08004b2d   Thumb Code    12  lcd.o(i.lcd_write_reg)
    main                                     0x08004b39   Thumb Code   186  main.o(i.main)
    __aeabi_d2uiz                            0x08004c79   Thumb Code     0  dfixu.o(x$fpl$dfixu)
    _dfixu                                   0x08004c79   Thumb Code    90  dfixu.o(x$fpl$dfixu)
    __aeabi_ui2d                             0x08004cd3   Thumb Code     0  dflt_clz.o(x$fpl$dfltu)
    _dfltu                                   0x08004cd3   Thumb Code    38  dflt_clz.o(x$fpl$dfltu)
    __aeabi_dmul                             0x08004cf9   Thumb Code     0  dmul.o(x$fpl$dmul)
    _dmul                                    0x08004cf9   Thumb Code   332  dmul.o(x$fpl$dmul)
    __fpl_dnaninf                            0x08004e4d   Thumb Code   156  dnaninf.o(x$fpl$dnaninf)
    __fpl_dretinf                            0x08004ee9   Thumb Code    12  dretinf.o(x$fpl$dretinf)
    _fp_init                                 0x08004ef5   Thumb Code    10  fpinit.o(x$fpl$fpinit)
    __fplib_config_fpu_vfp                   0x08004efd   Thumb Code     0  fpinit.o(x$fpl$fpinit)
    __fplib_config_pureend_doubles           0x08004efd   Thumb Code     0  fpinit.o(x$fpl$fpinit)
    __I$use$fp                               0x08004efe   Number         0  usenofp.o(x$fpl$usenofp)
    asc2_1206                                0x08004efe   Data        1140  lcd.o(.constdata)
    asc2_1608                                0x08005372   Data        1520  lcd.o(.constdata)
    asc2_2412                                0x08005962   Data        3420  lcd.o(.constdata)
    asc2_3216                                0x080066be   Data        6080  lcd.o(.constdata)
    AHBPrescTable                            0x08007e7e   Data          16  system_stm32f4xx.o(.constdata)
    APBPrescTable                            0x08007e8e   Data           8  system_stm32f4xx.o(.constdata)
    Region$$Table$$Base                      0x08007e98   Number         0  anon$$obj.o(Region$$Table)
    Region$$Table$$Limit                     0x08007eb8   Number         0  anon$$obj.o(Region$$Table)
    g_back_color                             0x20000000   Data           4  lcd.o(.data)
    g_rx_buffer                              0x20000004   Data           1  bsp_usart.o(.data)
    g_usart_rx_sta                           0x20000006   Data           2  bsp_usart.o(.data)
    __stdout                                 0x20000008   Data           4  bsp_usart.o(.data)
    uwTickFreq                               0x20000014   Data           1  stm32f4xx_hal.o(.data)
    uwTickPrio                               0x20000018   Data           4  stm32f4xx_hal.o(.data)
    uwTick                                   0x2000001c   Data           4  stm32f4xx_hal.o(.data)
    SystemCoreClock                          0x20000020   Data           4  system_stm32f4xx.o(.data)
    g_sram_handle                            0x20000024   Data          80  lcd.o(.bss)
    lcddev                                   0x20000074   Data          14  lcd.o(.bss)
    g_usart_rx_buf                           0x20000084   Data         200  bsp_usart.o(.bss)
    huart1                                   0x2000014c   Data          72  bsp_usart.o(.bss)
    hsram4                                   0x20000194   Data          80  fsmc.o(.bss)
    __libspace_start                         0x200001e4   Data          96  libspace.o(.bss)
    __temporary_stack_top$libspace           0x20000244   Data           0  libspace.o(.bss)



==============================================================================

Memory Map of the image

  Image Entry point : 0x08000189

  Load Region LR_IROM1 (Base: 0x08000000, Size: 0x00007edc, Max: 0x00100000, ABSOLUTE)

    Execution Region ER_IROM1 (Exec base: 0x08000000, Load base: 0x08000000, Size: 0x00007eb8, Max: 0x00100000, ABSOLUTE)

    Exec Addr    Load Addr    Size         Type   Attr      Idx    E Section Name        Object

    0x08000000   0x08000000   0x00000188   Data   RO            3    RESET               startup_stm32f407xx.o
    0x08000188   0x08000188   0x00000008   Code   RO         2566  * !!!main             c_w.l(__main.o)
    0x08000190   0x08000190   0x00000034   Code   RO         2753    !!!scatter          c_w.l(__scatter.o)
    0x080001c4   0x080001c4   0x0000001a   Code   RO         2755    !!handler_copy      c_w.l(__scatter_copy.o)
    0x080001de   0x080001de   0x00000002   PAD
    0x080001e0   0x080001e0   0x0000001c   Code   RO         2757    !!handler_zi        c_w.l(__scatter_zi.o)
    0x080001fc   0x080001fc   0x00000002   Code   RO         2632    .ARM.Collect$$libinit$$00000000  c_w.l(libinit.o)
    0x080001fe   0x080001fe   0x00000004   Code   RO         2644    .ARM.Collect$$libinit$$00000001  c_w.l(libinit2.o)
    0x08000202   0x08000202   0x00000000   Code   RO         2647    .ARM.Collect$$libinit$$00000004  c_w.l(libinit2.o)
    0x08000202   0x08000202   0x00000000   Code   RO         2650    .ARM.Collect$$libinit$$0000000A  c_w.l(libinit2.o)
    0x08000202   0x08000202   0x00000000   Code   RO         2652    .ARM.Collect$$libinit$$0000000C  c_w.l(libinit2.o)
    0x08000202   0x08000202   0x00000000   Code   RO         2654    .ARM.Collect$$libinit$$0000000E  c_w.l(libinit2.o)
    0x08000202   0x08000202   0x00000000   Code   RO         2657    .ARM.Collect$$libinit$$00000011  c_w.l(libinit2.o)
    0x08000202   0x08000202   0x00000000   Code   RO         2659    .ARM.Collect$$libinit$$00000013  c_w.l(libinit2.o)
    0x08000202   0x08000202   0x00000000   Code   RO         2661    .ARM.Collect$$libinit$$00000015  c_w.l(libinit2.o)
    0x08000202   0x08000202   0x00000000   Code   RO         2663    .ARM.Collect$$libinit$$00000017  c_w.l(libinit2.o)
    0x08000202   0x08000202   0x00000000   Code   RO         2665    .ARM.Collect$$libinit$$00000019  c_w.l(libinit2.o)
    0x08000202   0x08000202   0x00000000   Code   RO         2667    .ARM.Collect$$libinit$$0000001B  c_w.l(libinit2.o)
    0x08000202   0x08000202   0x00000000   Code   RO         2669    .ARM.Collect$$libinit$$0000001D  c_w.l(libinit2.o)
    0x08000202   0x08000202   0x00000000   Code   RO         2671    .ARM.Collect$$libinit$$0000001F  c_w.l(libinit2.o)
    0x08000202   0x08000202   0x00000000   Code   RO         2673    .ARM.Collect$$libinit$$00000021  c_w.l(libinit2.o)
    0x08000202   0x08000202   0x00000000   Code   RO         2675    .ARM.Collect$$libinit$$00000023  c_w.l(libinit2.o)
    0x08000202   0x08000202   0x00000000   Code   RO         2677    .ARM.Collect$$libinit$$00000025  c_w.l(libinit2.o)
    0x08000202   0x08000202   0x00000000   Code   RO         2681    .ARM.Collect$$libinit$$0000002C  c_w.l(libinit2.o)
    0x08000202   0x08000202   0x00000000   Code   RO         2683    .ARM.Collect$$libinit$$0000002E  c_w.l(libinit2.o)
    0x08000202   0x08000202   0x00000000   Code   RO         2685    .ARM.Collect$$libinit$$00000030  c_w.l(libinit2.o)
    0x08000202   0x08000202   0x00000000   Code   RO         2687    .ARM.Collect$$libinit$$00000032  c_w.l(libinit2.o)
    0x08000202   0x08000202   0x00000002   Code   RO         2688    .ARM.Collect$$libinit$$00000033  c_w.l(libinit2.o)
    0x08000204   0x08000204   0x00000002   Code   RO         2712    .ARM.Collect$$libshutdown$$00000000  c_w.l(libshutdown.o)
    0x08000206   0x08000206   0x00000000   Code   RO         2736    .ARM.Collect$$libshutdown$$00000002  c_w.l(libshutdown2.o)
    0x08000206   0x08000206   0x00000000   Code   RO         2738    .ARM.Collect$$libshutdown$$00000004  c_w.l(libshutdown2.o)
    0x08000206   0x08000206   0x00000000   Code   RO         2741    .ARM.Collect$$libshutdown$$00000007  c_w.l(libshutdown2.o)
    0x08000206   0x08000206   0x00000000   Code   RO         2744    .ARM.Collect$$libshutdown$$0000000A  c_w.l(libshutdown2.o)
    0x08000206   0x08000206   0x00000000   Code   RO         2746    .ARM.Collect$$libshutdown$$0000000C  c_w.l(libshutdown2.o)
    0x08000206   0x08000206   0x00000000   Code   RO         2749    .ARM.Collect$$libshutdown$$0000000F  c_w.l(libshutdown2.o)
    0x08000206   0x08000206   0x00000002   Code   RO         2750    .ARM.Collect$$libshutdown$$00000010  c_w.l(libshutdown2.o)
    0x08000208   0x08000208   0x00000000   Code   RO         2582    .ARM.Collect$$rtentry$$00000000  c_w.l(__rtentry.o)
    0x08000208   0x08000208   0x00000000   Code   RO         2595    .ARM.Collect$$rtentry$$00000002  c_w.l(__rtentry2.o)
    0x08000208   0x08000208   0x00000006   Code   RO         2607    .ARM.Collect$$rtentry$$00000004  c_w.l(__rtentry4.o)
    0x0800020e   0x0800020e   0x00000000   Code   RO         2597    .ARM.Collect$$rtentry$$00000009  c_w.l(__rtentry2.o)
    0x0800020e   0x0800020e   0x00000004   Code   RO         2598    .ARM.Collect$$rtentry$$0000000A  c_w.l(__rtentry2.o)
    0x08000212   0x08000212   0x00000000   Code   RO         2600    .ARM.Collect$$rtentry$$0000000C  c_w.l(__rtentry2.o)
    0x08000212   0x08000212   0x00000008   Code   RO         2601    .ARM.Collect$$rtentry$$0000000D  c_w.l(__rtentry2.o)
    0x0800021a   0x0800021a   0x00000002   Code   RO         2636    .ARM.Collect$$rtexit$$00000000  c_w.l(rtexit.o)
    0x0800021c   0x0800021c   0x00000000   Code   RO         2690    .ARM.Collect$$rtexit$$00000002  c_w.l(rtexit2.o)
    0x0800021c   0x0800021c   0x00000004   Code   RO         2691    .ARM.Collect$$rtexit$$00000003  c_w.l(rtexit2.o)
    0x08000220   0x08000220   0x00000006   Code   RO         2692    .ARM.Collect$$rtexit$$00000004  c_w.l(rtexit2.o)
    0x08000226   0x08000226   0x00000002   PAD
    0x08000228   0x08000228   0x00000040   Code   RO            4    .text               startup_stm32f407xx.o
    0x08000268   0x08000268   0x00000002   Code   RO         2554    .text               c_w.l(use_no_semi_2.o)
    0x0800026a   0x0800026a   0x000000ee   Code   RO         2556    .text               c_w.l(lludivv7m.o)
    0x08000358   0x08000358   0x00000018   Code   RO         2560    .text               c_w.l(noretval__2printf.o)
    0x08000370   0x08000370   0x0000004e   Code   RO         2562    .text               c_w.l(rt_memclr_w.o)
    0x080003be   0x080003be   0x00000006   Code   RO         2564    .text               c_w.l(heapauxi.o)
    0x080003c4   0x080003c4   0x00000002   Code   RO         2580    .text               c_w.l(use_no_semi.o)
    0x080003c6   0x080003c6   0x00000002   PAD
    0x080003c8   0x080003c8   0x00000024   Code   RO         2587    .text               c_w.l(_printf_char_file.o)
    0x080003ec   0x080003ec   0x00000030   Code   RO         2611    .text               c_w.l(_printf_char_common.o)
    0x0800041c   0x0800041c   0x00000008   Code   RO         2613    .text               c_w.l(ferror.o)
    0x08000424   0x08000424   0x0000004a   Code   RO         2617    .text               c_w.l(sys_stackheap_outer.o)
    0x0800046e   0x0800046e   0x00000028   Code   RO         2619    .text               c_w.l(__printf_nopercent.o)
    0x08000496   0x08000496   0x00000012   Code   RO         2621    .text               c_w.l(exit.o)
    0x080004a8   0x080004a8   0x00000008   Code   RO         2633    .text               c_w.l(libspace.o)
    0x080004b0   0x080004b0   0x00000002   Code   RO          584    i.BusFault_Handler  stm32f4xx_it.o
    0x080004b2   0x080004b2   0x00000002   Code   RO          585    i.DebugMon_Handler  stm32f4xx_it.o
    0x080004b4   0x080004b4   0x00000004   Code   RO          451    i.Error_Handler     main.o
    0x080004b8   0x080004b8   0x0000003c   Code   RO          697    i.FSMC_NORSRAM_Extended_Timing_Init  stm32f4xx_ll_fsmc.o
    0x080004f4   0x080004f4   0x00000068   Code   RO          698    i.FSMC_NORSRAM_Init  stm32f4xx_ll_fsmc.o
    0x0800055c   0x0800055c   0x0000003c   Code   RO          699    i.FSMC_NORSRAM_Timing_Init  stm32f4xx_ll_fsmc.o
    0x08000598   0x08000598   0x00000092   Code   RO         1466    i.HAL_DMA_Abort     stm32f4xx_hal_dma.o
    0x0800062a   0x0800062a   0x00000024   Code   RO         1467    i.HAL_DMA_Abort_IT  stm32f4xx_hal_dma.o
    0x0800064e   0x0800064e   0x00000002   PAD
    0x08000650   0x08000650   0x00000024   Code   RO         1903    i.HAL_Delay         stm32f4xx_hal.o
    0x08000674   0x08000674   0x000000a8   Code   RO          536    i.HAL_FSMC_MspInit  fsmc.o
    0x0800071c   0x0800071c   0x000001f0   Code   RO         1359    i.HAL_GPIO_Init     stm32f4xx_hal_gpio.o
    0x0800090c   0x0800090c   0x00000010   Code   RO         1362    i.HAL_GPIO_TogglePin  stm32f4xx_hal_gpio.o
    0x0800091c   0x0800091c   0x0000000a   Code   RO         1363    i.HAL_GPIO_WritePin  stm32f4xx_hal_gpio.o
    0x08000926   0x08000926   0x00000002   PAD
    0x08000928   0x08000928   0x0000000c   Code   RO         1909    i.HAL_GetTick       stm32f4xx_hal.o
    0x08000934   0x08000934   0x00000010   Code   RO         1915    i.HAL_IncTick       stm32f4xx_hal.o
    0x08000944   0x08000944   0x00000034   Code   RO         1916    i.HAL_Init          stm32f4xx_hal.o
    0x08000978   0x08000978   0x00000040   Code   RO         1917    i.HAL_InitTick      stm32f4xx_hal.o
    0x080009b8   0x080009b8   0x00000030   Code   RO          665    i.HAL_MspInit       stm32f4xx_hal_msp.o
    0x080009e8   0x080009e8   0x0000001a   Code   RO         1751    i.HAL_NVIC_EnableIRQ  stm32f4xx_hal_cortex.o
    0x08000a02   0x08000a02   0x00000002   PAD
    0x08000a04   0x08000a04   0x00000040   Code   RO         1757    i.HAL_NVIC_SetPriority  stm32f4xx_hal_cortex.o
    0x08000a44   0x08000a44   0x00000024   Code   RO         1758    i.HAL_NVIC_SetPriorityGrouping  stm32f4xx_hal_cortex.o
    0x08000a68   0x08000a68   0x00000134   Code   RO         1005    i.HAL_RCC_ClockConfig  stm32f4xx_hal_rcc.o
    0x08000b9c   0x08000b9c   0x00000020   Code   RO         1012    i.HAL_RCC_GetPCLK1Freq  stm32f4xx_hal_rcc.o
    0x08000bbc   0x08000bbc   0x00000020   Code   RO         1013    i.HAL_RCC_GetPCLK2Freq  stm32f4xx_hal_rcc.o
    0x08000bdc   0x08000bdc   0x00000060   Code   RO         1014    i.HAL_RCC_GetSysClockFreq  stm32f4xx_hal_rcc.o
    0x08000c3c   0x08000c3c   0x0000036c   Code   RO         1017    i.HAL_RCC_OscConfig  stm32f4xx_hal_rcc.o
    0x08000fa8   0x08000fa8   0x0000005c   Code   RO          837    i.HAL_SRAM_Init     stm32f4xx_hal_sram.o
    0x08001004   0x08001004   0x00000004   Code   RO          538    i.HAL_SRAM_MspInit  fsmc.o
    0x08001008   0x08001008   0x00000028   Code   RO         1762    i.HAL_SYSTICK_Config  stm32f4xx_hal_cortex.o
    0x08001030   0x08001030   0x00000002   Code   RO         2166    i.HAL_UARTEx_RxEventCallback  stm32f4xx_hal_uart.o
    0x08001032   0x08001032   0x00000002   Code   RO         2180    i.HAL_UART_ErrorCallback  stm32f4xx_hal_uart.o
    0x08001034   0x08001034   0x00000280   Code   RO         2183    i.HAL_UART_IRQHandler  stm32f4xx_hal_uart.o
    0x080012b4   0x080012b4   0x00000064   Code   RO         2184    i.HAL_UART_Init     stm32f4xx_hal_uart.o
    0x08001318   0x08001318   0x00000078   Code   RO          349    i.HAL_UART_MspInit  bsp_usart.o
    0x08001390   0x08001390   0x0000001c   Code   RO         2189    i.HAL_UART_Receive_IT  stm32f4xx_hal_uart.o
    0x080013ac   0x080013ac   0x00000068   Code   RO          350    i.HAL_UART_RxCpltCallback  bsp_usart.o
    0x08001414   0x08001414   0x000000a0   Code   RO         2192    i.HAL_UART_Transmit  stm32f4xx_hal_uart.o
    0x080014b4   0x080014b4   0x00000002   Code   RO         2195    i.HAL_UART_TxCpltCallback  stm32f4xx_hal_uart.o
    0x080014b6   0x080014b6   0x00000002   Code   RO          586    i.HardFault_Handler  stm32f4xx_it.o
    0x080014b8   0x080014b8   0x00000084   Code   RO          424    i.LED_GPIO_Init     bsp_led.o
    0x0800153c   0x0800153c   0x0000008c   Code   RO          539    i.MX_FSMC_Init      fsmc.o
    0x080015c8   0x080015c8   0x000000ac   Code   RO          512    i.MX_GPIO_Init      gpio.o
    0x08001674   0x08001674   0x00000002   Code   RO          587    i.MemManage_Handler  stm32f4xx_it.o
    0x08001676   0x08001676   0x00000002   Code   RO          588    i.NMI_Handler       stm32f4xx_it.o
    0x08001678   0x08001678   0x00000002   Code   RO          589    i.PendSV_Handler    stm32f4xx_it.o
    0x0800167a   0x0800167a   0x00000002   Code   RO          590    i.SVC_Handler       stm32f4xx_it.o
    0x0800167c   0x0800167c   0x00000004   Code   RO          591    i.SysTick_Handler   stm32f4xx_it.o
    0x08001680   0x08001680   0x00000094   Code   RO          452    i.SystemClock_Config  main.o
    0x08001714   0x08001714   0x00000010   Code   RO         2518    i.SystemInit        system_stm32f4xx.o
    0x08001724   0x08001724   0x0000000e   Code   RO         2197    i.UART_DMAAbortOnError  stm32f4xx_hal_uart.o
    0x08001732   0x08001732   0x0000004e   Code   RO         2207    i.UART_EndRxTransfer  stm32f4xx_hal_uart.o
    0x08001780   0x08001780   0x000000c2   Code   RO         2209    i.UART_Receive_IT   stm32f4xx_hal_uart.o
    0x08001842   0x08001842   0x00000002   PAD
    0x08001844   0x08001844   0x0000010c   Code   RO         2210    i.UART_SetConfig    stm32f4xx_hal_uart.o
    0x08001950   0x08001950   0x00000036   Code   RO         2212    i.UART_Start_Receive_IT  stm32f4xx_hal_uart.o
    0x08001986   0x08001986   0x00000072   Code   RO         2213    i.UART_WaitOnFlagUntilTimeout  stm32f4xx_hal_uart.o
    0x080019f8   0x080019f8   0x0000000c   Code   RO          592    i.USART1_IRQHandler  stm32f4xx_it.o
    0x08001a04   0x08001a04   0x00000044   Code   RO          351    i.USART1_Init       bsp_usart.o
    0x08001a48   0x08001a48   0x00000002   Code   RO          593    i.UsageFault_Handler  stm32f4xx_it.o
    0x08001a4a   0x08001a4a   0x00000020   Code   RO         1764    i.__NVIC_SetPriority  stm32f4xx_hal_cortex.o
    0x08001a6a   0x08001a6a   0x00000002   Code   RO          353    i._sys_exit         bsp_usart.o
    0x08001a6c   0x08001a6c   0x00000014   Code   RO          355    i.fputc             bsp_usart.o
    0x08001a80   0x08001a80   0x00000030   Code   RO           13    i.lcd_clear         lcd.o
    0x08001ab0   0x08001ab0   0x000000ec   Code   RO           15    i.lcd_display_dir   lcd.o
    0x08001b9c   0x08001b9c   0x00000016   Code   RO           21    i.lcd_draw_point    lcd.o
    0x08001bb2   0x08001bb2   0x0000022e   Code   RO           23    i.lcd_ex_ili9341_reginit  lcd.o
    0x08001de0   0x08001de0   0x00000342   Code   RO           24    i.lcd_ex_ili9806_reginit  lcd.o
    0x08002122   0x08002122   0x00000ef4   Code   RO           25    i.lcd_ex_nt35310_reginit  lcd.o
    0x08003016   0x08003016   0x00000f6a   Code   RO           26    i.lcd_ex_nt35510_reginit  lcd.o
    0x08003f80   0x08003f80   0x00000170   Code   RO           27    i.lcd_ex_ssd1963_reginit  lcd.o
    0x080040f0   0x080040f0   0x000001aa   Code   RO           28    i.lcd_ex_st7789_reginit  lcd.o
    0x0800429a   0x0800429a   0x000001c8   Code   RO           29    i.lcd_ex_st7796_reginit  lcd.o
    0x08004462   0x08004462   0x00000002   PAD
    0x08004464   0x08004464   0x0000026c   Code   RO           32    i.lcd_init          lcd.o
    0x080046d0   0x080046d0   0x0000001a   Code   RO           34    i.lcd_rd_data       lcd.o
    0x080046ea   0x080046ea   0x00000002   PAD
    0x080046ec   0x080046ec   0x00000184   Code   RO           36    i.lcd_scan_dir      lcd.o
    0x08004870   0x08004870   0x000000f4   Code   RO           37    i.lcd_set_cursor    lcd.o
    0x08004964   0x08004964   0x000000dc   Code   RO           39    i.lcd_show_char     lcd.o
    0x08004a40   0x08004a40   0x00000056   Code   RO           41    i.lcd_show_string   lcd.o
    0x08004a96   0x08004a96   0x00000002   PAD
    0x08004a98   0x08004a98   0x00000050   Code   RO           43    i.lcd_ssd_backlight_set  lcd.o
    0x08004ae8   0x08004ae8   0x00000018   Code   RO           44    i.lcd_wr_data       lcd.o
    0x08004b00   0x08004b00   0x00000018   Code   RO           45    i.lcd_wr_regno      lcd.o
    0x08004b18   0x08004b18   0x00000014   Code   RO           46    i.lcd_write_ram_prepare  lcd.o
    0x08004b2c   0x08004b2c   0x0000000c   Code   RO           47    i.lcd_write_reg     lcd.o
    0x08004b38   0x08004b38   0x00000140   Code   RO          453    i.main              main.o
    0x08004c78   0x08004c78   0x0000005a   Code   RO         2568    x$fpl$dfixu         fz_wm.l(dfixu.o)
    0x08004cd2   0x08004cd2   0x00000026   Code   RO         2572    x$fpl$dfltu         fz_wm.l(dflt_clz.o)
    0x08004cf8   0x08004cf8   0x00000154   Code   RO         2578    x$fpl$dmul          fz_wm.l(dmul.o)
    0x08004e4c   0x08004e4c   0x0000009c   Code   RO         2589    x$fpl$dnaninf       fz_wm.l(dnaninf.o)
    0x08004ee8   0x08004ee8   0x0000000c   Code   RO         2591    x$fpl$dretinf       fz_wm.l(dretinf.o)
    0x08004ef4   0x08004ef4   0x0000000a   Code   RO         2702    x$fpl$fpinit        fz_wm.l(fpinit.o)
    0x08004efe   0x08004efe   0x00000000   Code   RO         2593    x$fpl$usenofp       fz_wm.l(usenofp.o)
    0x08004efe   0x08004efe   0x00002f80   Data   RO           49    .constdata          lcd.o
    0x08007e7e   0x08007e7e   0x00000010   Data   RO         2519    .constdata          system_stm32f4xx.o
    0x08007e8e   0x08007e8e   0x00000008   Data   RO         2520    .constdata          system_stm32f4xx.o
    0x08007e96   0x08007e96   0x00000002   PAD
    0x08007e98   0x08007e98   0x00000020   Data   RO         2751    Region$$Table       anon$$obj.o


    Execution Region RW_IRAM1 (Exec base: 0x20000000, Load base: 0x08007eb8, Size: 0x00000848, Max: 0x0001c000, ABSOLUTE)

    Exec Addr    Load Addr    Size         Type   Attr      Idx    E Section Name        Object

    0x20000000   0x08007eb8   0x00000004   Data   RW           51    .data               lcd.o
    0x20000004   0x08007ebc   0x00000004   Data   RW          357    .data               bsp_usart.o
    0x20000008   0x08007ec0   0x00000004   Data   RW          358    .data               bsp_usart.o
    0x2000000c   0x08007ec4   0x00000008   Data   RW          541    .data               fsmc.o
    0x20000014   0x08007ecc   0x0000000c   Data   RW         1923    .data               stm32f4xx_hal.o
    0x20000020   0x08007ed8   0x00000004   Data   RW         2521    .data               system_stm32f4xx.o
    0x20000024        -       0x0000005e   Zero   RW           48    .bss                lcd.o
    0x20000082   0x08007edc   0x00000002   PAD
    0x20000084        -       0x00000110   Zero   RW          356    .bss                bsp_usart.o
    0x20000194        -       0x00000050   Zero   RW          540    .bss                fsmc.o
    0x200001e4        -       0x00000060   Zero   RW         2634    .bss                c_w.l(libspace.o)
    0x20000244   0x08007edc   0x00000004   PAD
    0x20000248        -       0x00000200   Zero   RW            2    HEAP                startup_stm32f407xx.o
    0x20000448        -       0x00000400   Zero   RW            1    STACK               startup_stm32f407xx.o


    Execution Region RW_IRAM2 (Exec base: 0x2001c000, Load base: 0x08007edc, Size: 0x00000000, Max: 0x00004000, ABSOLUTE)

    **** No section assigned to this execution region ****


==============================================================================

Image component sizes


      Code (inc. data)   RO Data    RW Data    ZI Data      Debug   Object Name

       132         10          0          0          0        964   bsp_led.o
       314         46          0          8        272       4926   bsp_usart.o
       312         32          0          8         80       2235   fsmc.o
       172          8          0          0          0       1039   gpio.o
     12466         84      12160          4         94     695275   lcd.o
       472        142          0          0          0       2232   main.o
        64         26        392          0       1536        832   startup_stm32f407xx.o
       180         28          0         12          0       9325   stm32f4xx_hal.o
       198         14          0          0          0      33759   stm32f4xx_hal_cortex.o
       182          0          0          0          0       2067   stm32f4xx_hal_dma.o
       522         46          0          0          0       2797   stm32f4xx_hal_gpio.o
        48          6          0          0          0        838   stm32f4xx_hal_msp.o
      1344         72          0          0          0       5200   stm32f4xx_hal_rcc.o
        92          0          0          0          0       1208   stm32f4xx_hal_sram.o
      1656         14          0          0          0      11284   stm32f4xx_hal_uart.o
        32          6          0          0          0       4538   stm32f4xx_it.o
       224         14          0          0          0       3939   stm32f4xx_ll_fsmc.o
        16          4         24          4          0       1099   system_stm32f4xx.o

    ----------------------------------------------------------------------
     18440        552      12610         36       1984     783557   Object Totals
         0          0         32          0          0          0   (incl. Generated)
        14          0          2          0          2          0   (incl. Padding)

    ----------------------------------------------------------------------

      Code (inc. data)   RO Data    RW Data    ZI Data      Debug   Library Member Name

         8          0          0          0          0         68   __main.o
        40          0          0          0          0         84   __printf_nopercent.o
         0          0          0          0          0          0   __rtentry.o
        12          0          0          0          0          0   __rtentry2.o
         6          0          0          0          0          0   __rtentry4.o
        52          8          0          0          0          0   __scatter.o
        26          0          0          0          0          0   __scatter_copy.o
        28          0          0          0          0          0   __scatter_zi.o
        48          6          0          0          0         96   _printf_char_common.o
        36          4          0          0          0         80   _printf_char_file.o
        18          0          0          0          0         80   exit.o
         8          0          0          0          0         68   ferror.o
         6          0          0          0          0        152   heapauxi.o
         2          0          0          0          0          0   libinit.o
         6          0          0          0          0          0   libinit2.o
         2          0          0          0          0          0   libshutdown.o
         2          0          0          0          0          0   libshutdown2.o
         8          4          0          0         96         68   libspace.o
       238          0          0          0          0        100   lludivv7m.o
        24          4          0          0          0         84   noretval__2printf.o
        78          0          0          0          0         80   rt_memclr_w.o
         2          0          0          0          0          0   rtexit.o
        10          0          0          0          0          0   rtexit2.o
        74          0          0          0          0         80   sys_stackheap_outer.o
         2          0          0          0          0         68   use_no_semi.o
         2          0          0          0          0         68   use_no_semi_2.o
        90          4          0          0          0        140   dfixu.o
        38          0          0          0          0        116   dflt_clz.o
       340         12          0          0          0        152   dmul.o
       156          4          0          0          0        140   dnaninf.o
        12          0          0          0          0        116   dretinf.o
        10          0          0          0          0        116   fpinit.o
         0          0          0          0          0          0   usenofp.o

    ----------------------------------------------------------------------
      1390         46          0          0        100       1956   Library Totals
         6          0          0          0          4          0   (incl. Padding)

    ----------------------------------------------------------------------

      Code (inc. data)   RO Data    RW Data    ZI Data      Debug   Library Name

       738         26          0          0         96       1176   c_w.l
       646         20          0          0          0        780   fz_wm.l

    ----------------------------------------------------------------------
      1390         46          0          0        100       1956   Library Totals

    ----------------------------------------------------------------------

==============================================================================


      Code (inc. data)   RO Data    RW Data    ZI Data      Debug   

     19830        598      12610         36       2084     776993   Grand Totals
     19830        598      12610         36       2084     776993   ELF Image Totals
     19830        598      12610         36          0          0   ROM Totals

==============================================================================

    Total RO  Size (Code + RO Data)                32440 (  31.68kB)
    Total RW  Size (RW Data + ZI Data)              2120 (   2.07kB)
    Total ROM Size (Code + RO Data + RW Data)      32476 (  31.71kB)

==============================================================================

